[02:18:00] [main/INFO] ========================================
[02:18:00] [main/INFO] Minecraft: 1.20.1
[02:18:00] [main/INFO] Side: server
[02:18:00] [main/INFO] Development: false
[02:18:00] [main/INFO] Version: 12.1.785
[02:18:00] [main/INFO] Loader:
[02:18:00] [main/INFO] - Fabric: 0.18.2
[02:18:00] [main/INFO] - Fabric API: 0.92.8+1.20.1
[02:18:00] [main/INFO] Dependencies:
[02:18:00] [main/INFO] - Cloth Config: 11.1.136
[02:18:00] [main/INFO] - Architectury: 9.2.14
[02:18:00] [main/INFO] Mixin: 0.8.7
[02:18:00] [main/INFO] OS: Linux 6.8.0-1052-azure (amd64)
[02:18:00] [main/INFO] Java: 17.0.18 (Ubuntu)
[02:18:00] [main/INFO] ========================================
[02:18:00] [main/INFO] Mods:
[02:18:00] [main/INFO] - archers: 1.3.0+1.20.1
[02:18:00] [main/INFO] - architectury: 9.2.14
[02:18:00] [main/INFO] - azurelibarmor: 2.0.14
[02:18:00] [main/INFO] - bellsandwhistles: 0.4.5
[02:18:00] [main/INFO] - betterchunkloading: 1.20.1-5.5
[02:18:00] [main/INFO] - bettercombat: 1.9.0+1.20.1
[02:18:00] [main/INFO] - bountiful: 6.0.4+1.20.1
[02:18:00] [main/INFO] - cardinal-components: 5.2.3
[02:18:00] [main/INFO] - cardinal-components-base: 5.2.3
[02:18:00] [main/INFO] - cardinal-components-block: 5.2.3
[02:18:00] [main/INFO] - cardinal-components-chunk: 5.2.3
[02:18:00] [main/INFO] - cardinal-components-entity: 5.2.3
[02:18:00] [main/INFO] - cardinal-components-item: 5.2.3
[02:18:00] [main/INFO] - cardinal-components-level: 5.2.3
[02:18:00] [main/INFO] - cardinal-components-scoreboard: 5.2.3
[02:18:00] [main/INFO] - cardinal-components-world: 5.2.3
[02:18:00] [main/INFO] - cloth-basic-math: 0.6.1
[02:18:00] [main/INFO] - cloth-config: 11.1.136
[02:18:00] [main/INFO] - cloth-config: 11.1.136
[02:18:00] [main/INFO] - com_electronwill_night-config_core: 3.6.6
[02:18:00] [main/INFO] - com_electronwill_night-config_toml: 3.6.6
[02:18:00] [main/INFO] - com_fasterxml_classmate: 1.5.1
[02:18:00] [main/INFO] - com_github_zsoltmolnarrr_tinyconfig: 2.3.2
[02:18:00] [main/INFO] - com_google_code_findbugs_jsr305: 3.0.2
[02:18:00] [main/INFO] - com_velocitypowered_velocity-native: 3.2.0-SNAPSHOT
[02:18:00] [main/INFO] - combatroll: 1.3.3+1.20.1
[02:18:00] [main/INFO] - create: 6.0.8.1+build.1744-mc1.20.1
[02:18:00] [main/INFO] - create-better-villagers: 1.2.9-Fabric-1.20.1
[02:18:00] [main/INFO] - create_pillagers_arise: 118.28.GL
[02:18:00] [main/INFO] - create_structures_arise: 156.29.28
[02:18:00] [main/INFO] - createbigcannons: 5.11.2
[02:18:00] [main/INFO] - createdeco: 2.1.1-1.20.1-fabric
[02:18:00] [main/INFO] - createnuclear: 1.20.1
[02:18:00] [main/INFO] - createoptimizer: 1.0.1+1.20.1
[02:18:00] [main/INFO] - createrailwaysnavigator: 1.20.1-beta-0.8.5-C6
[02:18:00] [main/INFO] - createthreadedtrains: 1.20.1-1.0.0
[02:18:00] [main/INFO] - createtransmission: 1.1.0+fabric-create6-1.20.1
[02:18:00] [main/INFO] - cupboard: 1.20.1-3.7
[02:18:00] [main/INFO] - death_knights: 1.0.0
[02:18:00] [main/INFO] - delightfulcreators: 1.3-1.20.x-FDR-support
[02:18:00] [main/INFO] - dev_engine-room_flywheel_flywheel-fabric-api-1_20_1: 1.0.5-264
[02:18:00] [main/INFO] - dragonlib: 1.20.1-2.2.24
[02:18:00] [main/INFO] - dripstone_fluid_lib: 3.0.2
[02:18:00] [main/INFO] - dungeon_difficulty: 2.2.1+1.20.1
[02:18:00] [main/INFO] - error_notifier: 1.0.9
[02:18:00] [main/INFO] - escalated: 1.2.1
[02:18:00] [main/INFO] - eternal_attributes: 1.0.0
[02:18:00] [main/INFO] - exposure: 1.9.20
[02:18:00] [main/INFO] - extrabounties: 1.3.7
[02:18:00] [main/INFO] - fabric-api: 0.92.8+1.20.1
[02:18:00] [main/INFO] - fabric-api: 0.92.8+1.20.1
[02:18:00] [main/INFO] - fabric-api-base: 0.4.32+1802ada577
[02:18:00] [main/INFO] - fabric-api-lookup-api-v1: 1.6.37+1802ada577
[02:18:00] [main/INFO] - fabric-biome-api-v1: 13.0.15+93aa238b77
[02:18:00] [main/INFO] - fabric-block-api-v1: 1.0.12+1802ada577
[02:18:00] [main/INFO] - fabric-block-view-api-v2: 1.0.3+924f046a77
[02:18:00] [main/INFO] - fabric-command-api-v1: 1.2.35+f71b366f77
[02:18:00] [main/INFO] - fabric-command-api-v2: 2.2.14+1802ada577
[02:18:00] [main/INFO] - fabric-commands-v0: 0.2.52+df3654b377
[02:18:00] [main/INFO] - fabric-containers-v0: 0.1.67+df3654b377
[02:18:00] [main/INFO] - fabric-content-registries-v0: 4.0.13+1802ada577
[02:18:00] [main/INFO] - fabric-convention-tags-v1: 1.5.6+1802ada577
[02:18:00] [main/INFO] - fabric-crash-report-info-v1: 0.2.20+1802ada577
[02:18:00] [main/INFO] - fabric-data-attachment-api-v1: 1.0.2+de0fd6d177
[02:18:00] [main/INFO] - fabric-data-generation-api-v1: 12.3.8+1802ada577
[02:18:00] [main/INFO] - fabric-dimensions-v1: 2.1.55+1802ada577
[02:18:00] [main/INFO] - fabric-entity-events-v1: 1.6.1+1c78457f77
[02:18:00] [main/INFO] - fabric-events-interaction-v0: 0.6.5+13a40c6677
[02:18:00] [main/INFO] - fabric-events-lifecycle-v0: 0.2.64+df3654b377
[02:18:00] [main/INFO] - fabric-game-rule-api-v1: 1.0.41+1802ada577
[02:18:00] [main/INFO] - fabric-item-api-v1: 2.1.29+1802ada577
[02:18:00] [main/INFO] - fabric-item-group-api-v1: 4.0.14+1802ada577
[02:18:00] [main/INFO] - fabric-language-kotlin: 1.11.0+kotlin.2.0.0
[02:18:00] [main/INFO] - fabric-lifecycle-events-v1: 2.2.23+1802ada577
[02:18:00] [main/INFO] - fabric-loot-api-v2: 1.2.3+1802ada577
[02:18:00] [main/INFO] - fabric-loot-tables-v1: 1.1.47+9e7660c677
[02:18:00] [main/INFO] - fabric-message-api-v1: 5.1.10+1802ada577
[02:18:00] [main/INFO] - fabric-mining-level-api-v1: 2.1.52+1802ada577
[02:18:00] [main/INFO] - fabric-networking-api-v1: 1.3.14+a158aa0477
[02:18:00] [main/INFO] - fabric-networking-v0: 0.3.54+df3654b377
[02:18:00] [main/INFO] - fabric-object-builder-api-v1: 11.1.5+e35120df77
[02:18:00] [main/INFO] - fabric-particles-v1: 1.1.3+1802ada577
[02:18:00] [main/INFO] - fabric-recipe-api-v1: 1.0.24+1802ada577
[02:18:00] [main/INFO] - fabric-registry-sync-v0: 2.4.0+4c0a70e677
[02:18:00] [main/INFO] - fabric-rendering-data-attachment-v1: 0.3.39+92a0d36777
[02:18:00] [main/INFO] - fabric-rendering-fluids-v1: 3.0.29+1802ada577
[02:18:00] [main/INFO] - fabric-resource-conditions-api-v1: 2.3.9+1802ada577
[02:18:00] [main/INFO] - fabric-resource-loader-v0: 0.11.12+fb82e9d777
[02:18:00] [main/INFO] - fabric-screen-handler-api-v1: 1.3.33+1802ada577
[02:18:00] [main/INFO] - fabric-transfer-api-v1: 3.3.6+8dd72ea377
[02:18:00] [main/INFO] - fabric-transitive-access-wideners-v1: 4.3.2+1802ada577
[02:18:00] [main/INFO] - fabricloader: 0.18.2
[02:18:00] [main/INFO] - farmersdelight: 1.20.1-1.4.3
[02:18:00] [main/INFO] - ferritecore: 6.0.1
[02:18:00] [main/INFO] - forgeconfigapiport: 8.0.3
[02:18:00] [main/INFO] - gazebo: 1.1.1+1.20.1
[02:18:00] [main/INFO] - java: 17
[02:18:00] [main/INFO] - javax_annotation_javax_annotation-api: 1.3.2
[02:18:00] [main/INFO] - jewelry: 1.3.7+1.20.1
[02:18:00] [main/INFO] - kambrik: 6.1.1+1.20.1
[02:18:00] [main/INFO] - kelvin: 1.20.1-0.5.0+b79a61b0b5
[02:18:00] [main/INFO] - krypton: 0.2.3
[02:18:00] [main/INFO] - lithium: 0.11.4
[02:18:00] [main/INFO] - milk: 1.2.60
[02:18:00] [main/INFO] - minecraft: 1.20.1
[02:18:00] [main/INFO] - mixinextras: 0.5.0
[02:18:00] [main/INFO] - mixinsquared: 0.3.7-beta.1
[02:18:00] [main/INFO] - necronomicon: 1.6.0
[02:18:00] [main/INFO] - org_ejml_ejml-core: 0.44.0
[02:18:00] [main/INFO] - org_ejml_ejml-ddense: 0.44.0
[02:18:00] [main/INFO] - org_ejml_ejml-dsparse: 0.44.0
[02:18:00] [main/INFO] - org_ejml_ejml-simple: 0.44.0
[02:18:00] [main/INFO] - org_jetbrains_kotlin_kotlin-reflect: 2.0.0
[02:18:00] [main/INFO] - org_jetbrains_kotlin_kotlin-stdlib: 2.0.0
[02:18:00] [main/INFO] - org_jetbrains_kotlin_kotlin-stdlib-jdk7: 2.0.0
[02:18:00] [main/INFO] - org_jetbrains_kotlin_kotlin-stdlib-jdk8: 2.0.0
[02:18:00] [main/INFO] - org_jetbrains_kotlinx_atomicfu-jvm: 0.24.0
[02:18:00] [main/INFO] - org_jetbrains_kotlinx_kotlinx-coroutines-core-jvm: 1.8.1
[02:18:00] [main/INFO] - org_jetbrains_kotlinx_kotlinx-coroutines-jdk8: 1.8.1
[02:18:00] [main/INFO] - org_jetbrains_kotlinx_kotlinx-datetime-jvm: 0.6.0
[02:18:00] [main/INFO] - org_jetbrains_kotlinx_kotlinx-serialization-cbor-jvm: 1.6.3
[02:18:00] [main/INFO] - org_jetbrains_kotlinx_kotlinx-serialization-core-jvm: 1.6.3
[02:18:00] [main/INFO] - org_jetbrains_kotlinx_kotlinx-serialization-json-jvm: 1.6.3
[02:18:00] [main/INFO] - paladins: 1.4.0+1.20.1
[02:18:00] [main/INFO] - player-animator: 1.0.2-rc1+1.20
[02:18:00] [main/INFO] - ponder: 1.0.91
[02:18:00] [main/INFO] - porting_lib_accessors: 2.3.13+1.20.1
[02:18:00] [main/INFO] - porting_lib_attributes: 2.3.13+1.20.1
[02:18:00] [main/INFO] - porting_lib_base: 2.3.13+1.20.1
[02:18:00] [main/INFO] - porting_lib_brewing: 2.3.13+1.20.1
[02:18:00] [main/INFO] - porting_lib_client_events: 2.3.13+1.20.1
[02:18:00] [main/INFO] - porting_lib_common: 2.3.13+1.20.1
[02:18:00] [main/INFO] - porting_lib_config: 2.3.13+1.20.1
[02:18:00] [main/INFO] - porting_lib_core: 2.3.13+1.20.1
[02:18:00] [main/INFO] - porting_lib_data: 2.3.13+1.20.1
[02:18:00] [main/INFO] - porting_lib_entity: 2.3.13+1.20.1
[02:18:00] [main/INFO] - porting_lib_extensions: 2.3.13+1.20.1
[02:18:00] [main/INFO] - porting_lib_fluids: 2.3.13+1.20.1
[02:18:00] [main/INFO] - porting_lib_gametest: 2.1.1127+1.20
[02:18:00] [main/INFO] - porting_lib_gui_utils: 2.3.13+1.20.1
[02:18:00] [main/INFO] - porting_lib_lazy_registration: 2.3.13+1.20.1
[02:18:00] [main/INFO] - porting_lib_mixin_extensions: 2.3.13+1.20.1
[02:18:00] [main/INFO] - porting_lib_model_generators: 2.3.13+1.20.1
[02:18:00] [main/INFO] - porting_lib_model_loader: 2.3.13+1.20.1
[02:18:00] [main/INFO] - porting_lib_model_materials: 2.3.13+1.20.1
[02:18:00] [main/INFO] - porting_lib_models: 2.3.13+1.20.1
[02:18:00] [main/INFO] - porting_lib_networking: 2.3.13+1.20.1
[02:18:00] [main/INFO] - porting_lib_obj_loader: 2.3.13+1.20.1
[02:18:00] [main/INFO] - porting_lib_tags: 3.0
[02:18:00] [main/INFO] - porting_lib_tool_actions: 2.3.13+1.20.1
[02:18:00] [main/INFO] - porting_lib_transfer: 2.3.13+1.20.1
[02:18:00] [main/INFO] - porting_lib_utility: 2.1.1127+1.20
[02:18:00] [main/INFO] - powergrid: 0.5.4.1
[02:18:00] [main/INFO] - projectile_damage: 3.2.3+1.20.1
[02:18:00] [main/INFO] - puffish_skills: 0.17.3
[02:18:00] [main/INFO] - ranged_weapon_api: 1.1.4+1.20.1
[02:18:00] [main/INFO] - reach-entity-attributes: 2.4.0
[02:18:00] [main/INFO] - registrate-fabric: 1.3.79-MC1.20.1
[02:18:00] [main/INFO] - ritchiesprojectilelib: 2.1.1
[02:18:00] [main/INFO] - rogues: 1.2.0+1.20.1
[02:18:00] [main/INFO] - roughlyenoughitems: 12.1.785
[02:18:00] [main/INFO] - runes: 0.9.13+1.20.1
[02:18:00] [main/INFO] - shield_api: 1.0.0+1.20.1
[02:18:00] [main/INFO] - spell_engine: 0.15.12+1.20.1
[02:18:00] [main/INFO] - spell_power: 0.12.0+1.20.1
[02:18:00] [main/INFO] - structure_pool_api: 1.0+1.20.1
[02:18:00] [main/INFO] - team_reborn_energy: 3.0.0
[02:18:00] [main/INFO] - travelersbackpack: 9.1.51
[02:18:00] [main/INFO] - trinkets: 3.7.2
[02:18:00] [main/INFO] - underground_village: 1.5.2
[02:18:00] [main/INFO] - valkyrienskies: 2.4.11
[02:18:00] [main/INFO] - vs_clockwork: 0.5.5.2
[02:18:00] [main/INFO] - vscarmor: 1.0.1
[02:18:00] [main/INFO] - wizards: 1.4.1+1.20.1
[02:18:00] [main/INFO] - xaerolib: 1.1.0
[02:18:00] [main/INFO] - xaerominimap: 25.3.10
[02:18:00] [main/INFO] - xaeroworldmap: 1.40.11
[02:18:00] [main/INFO] ========================================
[02:18:00] [main/INFO] [REI] Registered plugin provider DefaultPlugin [roughlyenoughitems] for REIPlugin
[02:18:00] [main/INFO] [REI] Registered plugin provider DefaultRuntimePlugin [roughlyenoughitems] for REIPlugin
[02:18:00] [main/INFO] [REI] Registered plugin provider DefaultPlugin [roughlyenoughitems] for REIServerPlugin
[02:18:00] [main/INFO] [REI] Registered plugin provider DefaultRuntimePlugin [roughlyenoughitems] for REIServerPlugin
[02:18:00] [main/INFO] [REI] Registered plugin provider FabricFluidAPISupportPlugin for REIServerPlugin
[02:18:00] [main/INFO] [REI] Registered plugin provider FabricFluidAPISupportPlugin for REIPlugin
[02:18:05] [Worker-Main-1/DEBUG] [REI] Processed 2 tags in 531.5 μs for minecraft:cat_variant
[02:18:05] [Worker-Main-2/DEBUG] [REI] Processed 3 tags in 54.98 μs for minecraft:point_of_interest_type
[02:18:05] [Worker-Main-1/DEBUG] [REI] Processed 0 tags in 5.578 μs for minecraft:worldgen/flat_level_generator_preset
[02:18:05] [Worker-Main-1/DEBUG] [REI] Processed 5 tags in 44.83 μs for minecraft:enchantment
[02:18:05] [Worker-Main-2/DEBUG] [REI] Processed 24 tags in 149.3 μs for minecraft:fluid
[02:18:05] [Worker-Main-1/DEBUG] [REI] Processed 0 tags in 5.949 μs for minecraft:worldgen/world_preset
[02:18:05] [Worker-Main-2/DEBUG] [REI] Processed 0 tags in 15.07 μs for minecraft:damage_type
[02:18:05] [Worker-Main-1/DEBUG] [REI] Processed 3 tags in 23.67 μs for minecraft:instrument
[02:18:05] [Worker-Main-1/DEBUG] [REI] Processed 2 tags in 15.61 μs for create:mounted_item_storage_type
[02:18:05] [Worker-Main-2/DEBUG] [REI] Processed 0 tags in 9.805 μs for minecraft:worldgen/structure
[02:18:05] [Worker-Main-2/DEBUG] [REI] Processed 0 tags in 363.1 μs for minecraft:worldgen/biome
[02:18:05] [Worker-Main-2/DEBUG] [REI] Processed 2 tags in 21.37 μs for create:contraption_type
[02:18:05] [Worker-Main-2/DEBUG] [REI] Processed 1 tags in 33.78 μs for minecraft:painting_variant
[02:18:05] [Worker-Main-2/DEBUG] [REI] Processed 7 tags in 42.36 μs for minecraft:banner_pattern
[02:18:05] [Worker-Main-2/DEBUG] [REI] Processed 5 tags in 97.27 μs for minecraft:game_event
[02:18:05] [Worker-Main-2/DEBUG] [REI] Processed 1 tags in 15.71 μs for minecraft:recipe_serializer
[02:18:05] [Worker-Main-2/DEBUG] [REI] Processed 22 tags in 153.2 μs for minecraft:entity_type
[02:18:05] [Worker-Main-1/DEBUG] [REI] Processed 658 tags in 10.98 ms for minecraft:item
[02:18:06] [Worker-Main-3/DEBUG] [REI] Processed 414 tags in 84.23 ms for minecraft:block
[02:18:07] [main/DEBUG] [REI] Starting Reload Plugins of stage null
java.lang.Throwable
	at knot//me.shedaniel.rei.impl.common.plugins.ReloadManagerImpl.reloadPlugins(ReloadManagerImpl.java:110)
	at knot//me.shedaniel.rei.RoughlyEnoughItemsCore.lambda$onInitialize$5(RoughlyEnoughItemsCore.java:163)
	at java.base/java.util.concurrent.CompletableFuture$UniRun.tryFire(CompletableFuture.java:787)
	at java.base/java.util.concurrent.CompletableFuture$Completion.run(CompletableFuture.java:482)
	at knot//net.minecraft.class_4014.method_18365(class_4014.java:69)
	at knot//net.minecraft.class_156.method_43498(class_156.java:950)
	at knot//net.minecraft.class_156.method_43499(class_156.java:938)
	at knot//net.minecraft.server.Main.main(Main.java:160)
	at net.fabricmc.loader.impl.game.minecraft.MinecraftGameProvider.launch(MinecraftGameProvider.java:514)
	at net.fabricmc.loader.impl.launch.knot.Knot.launch(Knot.java:72)
	at net.fabricmc.loader.impl.launch.knot.KnotServer.main(KnotServer.java:23)
	at net.fabricmc.loader.impl.launch.server.FabricServerLauncher.main(FabricServerLauncher.java:69)
	at net.fabricmc.installer.ServerLauncher.main(ServerLauncher.java:69)
[02:18:07] [main/DEBUG] [REI] ========================================
[02:18:07] [main/DEBUG] [REI] REIPlugin starting pre-reload for START.
[02:18:07] [main/DEBUG] [REI] Reloadables (7):
[02:18:07] [main/DEBUG] [REI]  - EntryTypeRegistryImpl
[02:18:07] [main/DEBUG] [REI]  - EntrySettingsAdapterRegistryImpl
[02:18:07] [main/DEBUG] [REI]  - RecipeManagerContextImpl
[02:18:07] [main/DEBUG] [REI]  - ItemComparatorRegistryImpl
[02:18:07] [main/DEBUG] [REI]  - FluidComparatorRegistryImpl
[02:18:07] [main/DEBUG] [REI]  - DisplaySerializerRegistryImpl
[02:18:07] [main/DEBUG] [REI]  - FluidSupportProviderImpl
[02:18:07] [main/DEBUG] [REI] Plugins (3):
[02:18:07] [main/DEBUG] [REI]  - (-100.00) DefaultPlugin of DefaultPlugin [roughlyenoughitems]
[02:18:07] [main/DEBUG] [REI]  - (0.00) FabricFluidAPISupportPlugin
[02:18:07] [main/DEBUG] [REI]  - (0.00) DefaultRuntimePlugin of DefaultRuntimePlugin [roughlyenoughitems]
[02:18:07] [main/DEBUG] [REI] ========================================
[02:18:07] [main/TRACE] [REI] [REIPlugin START] Reloading Section: "pre-register/"
[02:18:07] [main/TRACE] [REI] [REIPlugin START] Reloading Section: "pre-register/DefaultPlugin of DefaultPlugin [roughlyenoughitems]/"
[02:18:07] [main/TRACE] [REI] [REIPlugin START] Reloading Section: "pre-register/DefaultPlugin of DefaultPlugin [roughlyenoughitems]/" done in 975.1 μs
[02:18:07] [main/TRACE] [REI] [REIPlugin START] Reloading Section: "pre-register/FabricFluidAPISupportPlugin/"
[02:18:07] [main/TRACE] [REI] [REIPlugin START] Reloading Section: "pre-register/FabricFluidAPISupportPlugin/" done in 65.13 μs
[02:18:07] [main/TRACE] [REI] [REIPlugin START] Reloading Section: "pre-register/DefaultRuntimePlugin of DefaultRuntimePlugin [roughlyenoughitems]/"
[02:18:07] [main/TRACE] [REI] [REIPlugin START] Reloading Section: "pre-register/DefaultRuntimePlugin of DefaultRuntimePlugin [roughlyenoughitems]/" done in 57.18 μs
[02:18:07] [main/TRACE] [REI] [REIPlugin START] Reloading Section: "pre-register/" done in 9.455 ms
[02:18:07] [main/TRACE] [REI] [REIPlugin START] Reloading Section: "pre-stage/"
[02:18:07] [main/TRACE] [REI] [REIPlugin START] Reloading Section: "pre-stage/EntryTypeRegistryImpl/"
[02:18:07] [main/TRACE] [REI] [REIPlugin START] Reloading Section: "pre-stage/EntryTypeRegistryImpl/" done in 229.3 μs
[02:18:07] [main/TRACE] [REI] [REIPlugin START] Reloading Section: "pre-stage/EntrySettingsAdapterRegistryImpl/"
[02:18:07] [main/TRACE] [REI] [REIPlugin START] Reloading Section: "pre-stage/EntrySettingsAdapterRegistryImpl/" done in 44.90 μs
[02:18:07] [main/TRACE] [REI] [REIPlugin START] Reloading Section: "pre-stage/RecipeManagerContextImpl/"
[02:18:07] [main/TRACE] [REI] [REIPlugin START] Reloading Section: "pre-stage/RecipeManagerContextImpl/" done in 45.03 μs
[02:18:07] [main/TRACE] [REI] [REIPlugin START] Reloading Section: "pre-stage/ItemComparatorRegistryImpl/"
[02:18:07] [main/TRACE] [REI] [REIPlugin START] Reloading Section: "pre-stage/ItemComparatorRegistryImpl/" done in 38.74 μs
[02:18:07] [main/TRACE] [REI] [REIPlugin START] Reloading Section: "pre-stage/FluidComparatorRegistryImpl/"
[02:18:07] [main/TRACE] [REI] [REIPlugin START] Reloading Section: "pre-stage/FluidComparatorRegistryImpl/" done in 77.79 μs
[02:18:07] [main/TRACE] [REI] [REIPlugin START] Reloading Section: "pre-stage/DisplaySerializerRegistryImpl/"
[02:18:07] [main/TRACE] [REI] [REIPlugin START] Reloading Section: "pre-stage/DisplaySerializerRegistryImpl/" done in 43.53 μs
[02:18:07] [main/TRACE] [REI] [REIPlugin START] Reloading Section: "pre-stage/FluidSupportProviderImpl/"
[02:18:07] [main/TRACE] [REI] [REIPlugin START] Reloading Section: "pre-stage/FluidSupportProviderImpl/" done in 36.04 μs
[02:18:07] [main/TRACE] [REI] [REIPlugin START] Reloading Section: "pre-stage/" done in 1.222 ms
[02:18:07] [main/DEBUG] [REI] ========================================
[02:18:07] [main/DEBUG] [REI] REIPlugin finished pre-reload for START in 11.16 ms.
[02:18:07] [main/DEBUG] [REI] ========================================
[02:18:07] [main/DEBUG] [REI] ========================================
[02:18:07] [main/DEBUG] [REI] REIServerPlugin starting pre-reload for START.
[02:18:07] [main/DEBUG] [REI] Reloadables (2):
[02:18:07] [main/DEBUG] [REI]  - MenuInfoRegistryImpl
[02:18:07] [main/DEBUG] [REI]  - SlotAccessorRegistryImpl
[02:18:07] [main/DEBUG] [REI] Plugins (3):
[02:18:07] [main/DEBUG] [REI]  - (-100.00) DefaultPlugin of DefaultPlugin [roughlyenoughitems]
[02:18:07] [main/DEBUG] [REI]  - (0.00) FabricFluidAPISupportPlugin
[02:18:07] [main/DEBUG] [REI]  - (0.00) DefaultRuntimePlugin of DefaultRuntimePlugin [roughlyenoughitems]
[02:18:07] [main/DEBUG] [REI] ========================================
[02:18:07] [main/TRACE] [REI] [REIServerPlugin START] Reloading Section: "pre-register/"
[02:18:07] [main/TRACE] [REI] [REIServerPlugin START] Reloading Section: "pre-register/DefaultPlugin of DefaultPlugin [roughlyenoughitems]/"
[02:18:07] [main/TRACE] [REI] [REIServerPlugin START] Reloading Section: "pre-register/DefaultPlugin of DefaultPlugin [roughlyenoughitems]/" done in 42.28 μs
[02:18:07] [main/TRACE] [REI] [REIServerPlugin START] Reloading Section: "pre-register/FabricFluidAPISupportPlugin/"
[02:18:07] [main/TRACE] [REI] [REIServerPlugin START] Reloading Section: "pre-register/FabricFluidAPISupportPlugin/" done in 49.12 μs
[02:18:07] [main/TRACE] [REI] [REIServerPlugin START] Reloading Section: "pre-register/DefaultRuntimePlugin of DefaultRuntimePlugin [roughlyenoughitems]/"
[02:18:07] [main/TRACE] [REI] [REIServerPlugin START] Reloading Section: "pre-register/DefaultRuntimePlugin of DefaultRuntimePlugin [roughlyenoughitems]/" done in 34.90 μs
[02:18:07] [main/TRACE] [REI] [REIServerPlugin START] Reloading Section: "pre-register/" done in 395.2 μs
[02:18:07] [main/TRACE] [REI] [REIServerPlugin START] Reloading Section: "pre-stage/"
[02:18:07] [main/TRACE] [REI] [REIServerPlugin START] Reloading Section: "pre-stage/MenuInfoRegistryImpl/"
[02:18:07] [main/TRACE] [REI] [REIServerPlugin START] Reloading Section: "pre-stage/MenuInfoRegistryImpl/" done in 30.39 μs
[02:18:07] [main/TRACE] [REI] [REIServerPlugin START] Reloading Section: "pre-stage/SlotAccessorRegistryImpl/"
[02:18:07] [main/TRACE] [REI] [REIServerPlugin START] Reloading Section: "pre-stage/SlotAccessorRegistryImpl/" done in 31.03 μs
[02:18:07] [main/TRACE] [REI] [REIServerPlugin START] Reloading Section: "pre-stage/" done in 200.8 μs
[02:18:07] [main/DEBUG] [REI] ========================================
[02:18:07] [main/DEBUG] [REI] REIServerPlugin finished pre-reload for START in 712.3 μs.
[02:18:07] [main/DEBUG] [REI] ========================================
[02:18:07] [main/INFO] [REI] ########################################
[02:18:07] [main/INFO] [REI] REIPlugin starting main-reload for START.
[02:18:07] [main/DEBUG] [REI] Reloadables (7):
[02:18:07] [main/DEBUG] [REI]  - EntryTypeRegistryImpl
[02:18:07] [main/DEBUG] [REI]  - EntrySettingsAdapterRegistryImpl
[02:18:07] [main/DEBUG] [REI]  - RecipeManagerContextImpl
[02:18:07] [main/DEBUG] [REI]  - ItemComparatorRegistryImpl
[02:18:07] [main/DEBUG] [REI]  - FluidComparatorRegistryImpl
[02:18:07] [main/DEBUG] [REI]  - DisplaySerializerRegistryImpl
[02:18:07] [main/DEBUG] [REI]  - FluidSupportProviderImpl
[02:18:07] [main/INFO] [REI] Plugins (3):
[02:18:07] [main/INFO] [REI]  - (-100.00) DefaultPlugin of DefaultPlugin [roughlyenoughitems]
[02:18:07] [main/INFO] [REI]  - (0.00) FabricFluidAPISupportPlugin
[02:18:07] [main/INFO] [REI]  - (0.00) DefaultRuntimePlugin of DefaultRuntimePlugin [roughlyenoughitems]
[02:18:07] [main/INFO] [REI] ########################################
[02:18:07] [main/TRACE] [REI] [REIPlugin START] Reloading Section: "start-reload/"
[02:18:07] [main/TRACE] [REI] [REIPlugin START] Reloading Section: "start-reload/EntryTypeRegistryImpl/"
[02:18:07] [main/TRACE] [REI] [REIPlugin START] Reloading Section: "start-reload/EntryTypeRegistryImpl/" done in 71.13 μs
[02:18:07] [main/TRACE] [REI] [REIPlugin START] Reloading Section: "start-reload/EntrySettingsAdapterRegistryImpl/"
[02:18:07] [main/TRACE] [REI] [REIPlugin START] Reloading Section: "start-reload/EntrySettingsAdapterRegistryImpl/" done in 37.30 μs
[02:18:07] [main/TRACE] [REI] [REIPlugin START] Reloading Section: "start-reload/RecipeManagerContextImpl/"
[02:18:07] [main/TRACE] [REI] [REIPlugin START] Reloading Section: "start-reload/RecipeManagerContextImpl/" done in 30.79 μs
[02:18:07] [main/TRACE] [REI] [REIPlugin START] Reloading Section: "start-reload/ItemComparatorRegistryImpl/"
[02:18:07] [main/TRACE] [REI] [REIPlugin START] Reloading Section: "start-reload/ItemComparatorRegistryImpl/" done in 57.13 μs
[02:18:07] [main/TRACE] [REI] [REIPlugin START] Reloading Section: "start-reload/FluidComparatorRegistryImpl/"
[02:18:07] [main/TRACE] [REI] [REIPlugin START] Reloading Section: "start-reload/FluidComparatorRegistryImpl/" done in 36.39 μs
[02:18:07] [main/TRACE] [REI] [REIPlugin START] Reloading Section: "start-reload/DisplaySerializerRegistryImpl/"
[02:18:07] [main/TRACE] [REI] [REIPlugin START] Reloading Section: "start-reload/DisplaySerializerRegistryImpl/" done in 30.07 μs
[02:18:07] [main/TRACE] [REI] [REIPlugin START] Reloading Section: "start-reload/FluidSupportProviderImpl/"
[02:18:07] [main/TRACE] [REI] [REIPlugin START] Reloading Section: "start-reload/FluidSupportProviderImpl/" done in 41.56 μs
[02:18:07] [main/TRACE] [REI] [REIPlugin START] Reloading Section: "start-reload/" done in 905.1 μs
[02:18:07] [main/DEBUG] [REI] ========================================
[02:18:07] [main/DEBUG] [REI] REIPlugin started main-reload for START.
[02:18:07] [main/DEBUG] [REI] ========================================
[02:18:07] [main/TRACE] [REI] [REIPlugin START] Reloading Section: "reloadable-plugin/EntryTypeRegistryImpl/"
[02:18:07] [main/TRACE] [REI] [REIPlugin START] Reloading Section: "reloadable-plugin/EntryTypeRegistryImpl/DefaultPlugin of DefaultPlugin [roughlyenoughitems]/"
[02:18:07] [main/TRACE] [REI] [REIPlugin START] Reloading Section: "reloadable-plugin/EntryTypeRegistryImpl/DefaultPlugin of DefaultPlugin [roughlyenoughitems]/" done in 260.3 μs
[02:18:07] [main/TRACE] [REI] [REIPlugin START] Reloading Section: "reloadable-plugin/EntryTypeRegistryImpl/FabricFluidAPISupportPlugin/"
[02:18:07] [main/TRACE] [REI] [REIPlugin START] Reloading Section: "reloadable-plugin/EntryTypeRegistryImpl/FabricFluidAPISupportPlugin/" done in 54.25 μs
[02:18:07] [main/TRACE] [REI] [REIPlugin START] Reloading Section: "reloadable-plugin/EntryTypeRegistryImpl/DefaultRuntimePlugin of DefaultRuntimePlugin [roughlyenoughitems]/"
[02:18:07] [main/TRACE] [REI] [REIPlugin START] Reloading Section: "reloadable-plugin/EntryTypeRegistryImpl/DefaultRuntimePlugin of DefaultRuntimePlugin [roughlyenoughitems]/" done in 4.692 ms
[02:18:07] [main/TRACE] [REI] [REIPlugin START] Reloading Section: "reloadable-plugin/EntryTypeRegistryImpl/" done in 6.946 ms
[02:18:07] [main/TRACE] [REI] [REIPlugin START] Reloading Section: "reloadable-plugin/EntrySettingsAdapterRegistryImpl/"
[02:18:07] [main/TRACE] [REI] [REIPlugin START] Reloading Section: "reloadable-plugin/EntrySettingsAdapterRegistryImpl/DefaultPlugin of DefaultPlugin [roughlyenoughitems]/"
[02:18:07] [main/TRACE] [REI] [REIPlugin START] Reloading Section: "reloadable-plugin/EntrySettingsAdapterRegistryImpl/DefaultPlugin of DefaultPlugin [roughlyenoughitems]/" done in 42.32 μs
[02:18:07] [main/TRACE] [REI] [REIPlugin START] Reloading Section: "reloadable-plugin/EntrySettingsAdapterRegistryImpl/FabricFluidAPISupportPlugin/"
[02:18:07] [main/TRACE] [REI] [REIPlugin START] Reloading Section: "reloadable-plugin/EntrySettingsAdapterRegistryImpl/FabricFluidAPISupportPlugin/" done in 44.58 μs
[02:18:07] [main/TRACE] [REI] [REIPlugin START] Reloading Section: "reloadable-plugin/EntrySettingsAdapterRegistryImpl/DefaultRuntimePlugin of DefaultRuntimePlugin [roughlyenoughitems]/"
[02:18:07] [main/TRACE] [REI] [REIPlugin START] Reloading Section: "reloadable-plugin/EntrySettingsAdapterRegistryImpl/DefaultRuntimePlugin of DefaultRuntimePlugin [roughlyenoughitems]/" done in 33.70 μs
[02:18:07] [main/TRACE] [REI] [REIPlugin START] Reloading Section: "reloadable-plugin/EntrySettingsAdapterRegistryImpl/" done in 449.6 μs
[02:18:07] [main/TRACE] [REI] [REIPlugin START] Reloading Section: "reloadable-plugin/RecipeManagerContextImpl/"
[02:18:07] [main/TRACE] [REI] [REIPlugin START] Reloading Section: "reloadable-plugin/RecipeManagerContextImpl/DefaultPlugin of DefaultPlugin [roughlyenoughitems]/"
[02:18:07] [main/TRACE] [REI] [REIPlugin START] Reloading Section: "reloadable-plugin/RecipeManagerContextImpl/DefaultPlugin of DefaultPlugin [roughlyenoughitems]/" done in 35.62 μs
[02:18:07] [main/TRACE] [REI] [REIPlugin START] Reloading Section: "reloadable-plugin/RecipeManagerContextImpl/FabricFluidAPISupportPlugin/"
[02:18:07] [main/TRACE] [REI] [REIPlugin START] Reloading Section: "reloadable-plugin/RecipeManagerContextImpl/FabricFluidAPISupportPlugin/" done in 32.84 μs
[02:18:07] [main/TRACE] [REI] [REIPlugin START] Reloading Section: "reloadable-plugin/RecipeManagerContextImpl/DefaultRuntimePlugin of DefaultRuntimePlugin [roughlyenoughitems]/"
[02:18:07] [main/TRACE] [REI] [REIPlugin START] Reloading Section: "reloadable-plugin/RecipeManagerContextImpl/DefaultRuntimePlugin of DefaultRuntimePlugin [roughlyenoughitems]/" done in 30.44 μs
[02:18:07] [main/TRACE] [REI] [REIPlugin START] Reloading Section: "reloadable-plugin/RecipeManagerContextImpl/" done in 338.9 μs
[02:18:07] [main/TRACE] [REI] [REIPlugin START] Reloading Section: "reloadable-plugin/ItemComparatorRegistryImpl/"
[02:18:07] [main/TRACE] [REI] [REIPlugin START] Reloading Section: "reloadable-plugin/ItemComparatorRegistryImpl/DefaultPlugin of DefaultPlugin [roughlyenoughitems]/"
[02:18:07] [main/TRACE] [REI] [REIPlugin START] Reloading Section: "reloadable-plugin/ItemComparatorRegistryImpl/DefaultPlugin of DefaultPlugin [roughlyenoughitems]/" done in 2.704 ms
[02:18:07] [main/TRACE] [REI] [REIPlugin START] Reloading Section: "reloadable-plugin/ItemComparatorRegistryImpl/FabricFluidAPISupportPlugin/"
[02:18:07] [main/TRACE] [REI] [REIPlugin START] Reloading Section: "reloadable-plugin/ItemComparatorRegistryImpl/FabricFluidAPISupportPlugin/" done in 55.81 μs
[02:18:07] [main/TRACE] [REI] [REIPlugin START] Reloading Section: "reloadable-plugin/ItemComparatorRegistryImpl/DefaultRuntimePlugin of DefaultRuntimePlugin [roughlyenoughitems]/"
[02:18:07] [main/TRACE] [REI] [REIPlugin START] Reloading Section: "reloadable-plugin/ItemComparatorRegistryImpl/DefaultRuntimePlugin of DefaultRuntimePlugin [roughlyenoughitems]/" done in 38.48 μs
[02:18:07] [main/TRACE] [REI] [REIPlugin START] Reloading Section: "reloadable-plugin/ItemComparatorRegistryImpl/" done in 3.161 ms
[02:18:07] [main/TRACE] [REI] [REIPlugin START] Reloading Section: "reloadable-plugin/FluidComparatorRegistryImpl/"
[02:18:07] [main/TRACE] [REI] [REIPlugin START] Reloading Section: "reloadable-plugin/FluidComparatorRegistryImpl/DefaultPlugin of DefaultPlugin [roughlyenoughitems]/"
[02:18:07] [main/TRACE] [REI] [REIPlugin START] Reloading Section: "reloadable-plugin/FluidComparatorRegistryImpl/DefaultPlugin of DefaultPlugin [roughlyenoughitems]/" done in 43.51 μs
[02:18:07] [main/TRACE] [REI] [REIPlugin START] Reloading Section: "reloadable-plugin/FluidComparatorRegistryImpl/FabricFluidAPISupportPlugin/"
[02:18:07] [main/TRACE] [REI] [REIPlugin START] Reloading Section: "reloadable-plugin/FluidComparatorRegistryImpl/FabricFluidAPISupportPlugin/" done in 36.95 μs
[02:18:07] [main/TRACE] [REI] [REIPlugin START] Reloading Section: "reloadable-plugin/FluidComparatorRegistryImpl/DefaultRuntimePlugin of DefaultRuntimePlugin [roughlyenoughitems]/"
[02:18:07] [main/TRACE] [REI] [REIPlugin START] Reloading Section: "reloadable-plugin/FluidComparatorRegistryImpl/DefaultRuntimePlugin of DefaultRuntimePlugin [roughlyenoughitems]/" done in 37.27 μs
[02:18:07] [main/TRACE] [REI] [REIPlugin START] Reloading Section: "reloadable-plugin/FluidComparatorRegistryImpl/" done in 389.7 μs
[02:18:07] [main/TRACE] [REI] [REIPlugin START] Reloading Section: "reloadable-plugin/DisplaySerializerRegistryImpl/"
[02:18:07] [main/TRACE] [REI] [REIPlugin START] Reloading Section: "reloadable-plugin/DisplaySerializerRegistryImpl/DefaultPlugin of DefaultPlugin [roughlyenoughitems]/"
[02:18:07] [main/TRACE] [REI] [REIPlugin START] Reloading Section: "reloadable-plugin/DisplaySerializerRegistryImpl/DefaultPlugin of DefaultPlugin [roughlyenoughitems]/" done in 34.47 μs
[02:18:07] [main/TRACE] [REI] [REIPlugin START] Reloading Section: "reloadable-plugin/DisplaySerializerRegistryImpl/FabricFluidAPISupportPlugin/"
[02:18:07] [main/TRACE] [REI] [REIPlugin START] Reloading Section: "reloadable-plugin/DisplaySerializerRegistryImpl/FabricFluidAPISupportPlugin/" done in 34.71 μs
[02:18:07] [main/TRACE] [REI] [REIPlugin START] Reloading Section: "reloadable-plugin/DisplaySerializerRegistryImpl/DefaultRuntimePlugin of DefaultRuntimePlugin [roughlyenoughitems]/"
[02:18:07] [main/TRACE] [REI] [REIPlugin START] Reloading Section: "reloadable-plugin/DisplaySerializerRegistryImpl/DefaultRuntimePlugin of DefaultRuntimePlugin [roughlyenoughitems]/" done in 34.59 μs
[02:18:07] [main/TRACE] [REI] [REIPlugin START] Reloading Section: "reloadable-plugin/DisplaySerializerRegistryImpl/" done in 334.4 μs
[02:18:07] [main/TRACE] [REI] [REIPlugin START] Reloading Section: "reloadable-plugin/FluidSupportProviderImpl/"
[02:18:07] [main/TRACE] [REI] [REIPlugin START] Reloading Section: "reloadable-plugin/FluidSupportProviderImpl/DefaultPlugin of DefaultPlugin [roughlyenoughitems]/"
[02:18:07] [main/TRACE] [REI] [REIPlugin START] Reloading Section: "reloadable-plugin/FluidSupportProviderImpl/DefaultPlugin of DefaultPlugin [roughlyenoughitems]/" done in 2.379 ms
[02:18:07] [main/TRACE] [REI] [REIPlugin START] Reloading Section: "reloadable-plugin/FluidSupportProviderImpl/FabricFluidAPISupportPlugin/"
[02:18:07] [main/TRACE] [REI] [REIPlugin START] Reloading Section: "reloadable-plugin/FluidSupportProviderImpl/FabricFluidAPISupportPlugin/" done in 236.4 μs
[02:18:07] [main/TRACE] [REI] [REIPlugin START] Reloading Section: "reloadable-plugin/FluidSupportProviderImpl/DefaultRuntimePlugin of DefaultRuntimePlugin [roughlyenoughitems]/"
[02:18:07] [main/TRACE] [REI] [REIPlugin START] Reloading Section: "reloadable-plugin/FluidSupportProviderImpl/DefaultRuntimePlugin of DefaultRuntimePlugin [roughlyenoughitems]/" done in 47.88 μs
[02:18:07] [main/TRACE] [REI] [REIPlugin START] Reloading Section: "reloadable-plugin/FluidSupportProviderImpl/" done in 3.042 ms
[02:18:07] [main/DEBUG] [REI] ========================================
[02:18:07] [main/DEBUG] [REI] REIPlugin ending main-reload for START.
[02:18:07] [main/DEBUG] [REI] ========================================
[02:18:07] [main/TRACE] [REI] [REIPlugin START] Reloading Section: "end-reload/"
[02:18:07] [main/TRACE] [REI] [REIPlugin START] Reloading Section: "end-reload/EntryTypeRegistryImpl/"
[02:18:07] [main/TRACE] [REI] [REIPlugin START] Reloading Section: "end-reload/EntryTypeRegistryImpl/" done in 56.43 μs
[02:18:07] [main/TRACE] [REI] [REIPlugin START] Reloading Section: "end-reload/EntrySettingsAdapterRegistryImpl/"
[02:18:07] [main/TRACE] [REI] [REIPlugin START] Reloading Section: "end-reload/EntrySettingsAdapterRegistryImpl/" done in 31.43 μs
[02:18:07] [main/TRACE] [REI] [REIPlugin START] Reloading Section: "end-reload/RecipeManagerContextImpl/"
[02:18:07] [main/TRACE] [REI] [REIPlugin START] Reloading Section: "end-reload/RecipeManagerContextImpl/" done in 33.43 μs
[02:18:07] [main/TRACE] [REI] [REIPlugin START] Reloading Section: "end-reload/ItemComparatorRegistryImpl/"
[02:18:07] [main/TRACE] [REI] [REIPlugin START] Reloading Section: "end-reload/ItemComparatorRegistryImpl/" done in 29.93 μs
[02:18:07] [main/TRACE] [REI] [REIPlugin START] Reloading Section: "end-reload/FluidComparatorRegistryImpl/"
[02:18:07] [main/TRACE] [REI] [REIPlugin START] Reloading Section: "end-reload/FluidComparatorRegistryImpl/" done in 29.49 μs
[02:18:07] [main/TRACE] [REI] [REIPlugin START] Reloading Section: "end-reload/DisplaySerializerRegistryImpl/"
[02:18:07] [main/TRACE] [REI] [REIPlugin START] Reloading Section: "end-reload/DisplaySerializerRegistryImpl/" done in 27.25 μs
[02:18:07] [main/TRACE] [REI] [REIPlugin START] Reloading Section: "end-reload/FluidSupportProviderImpl/"
[02:18:07] [main/TRACE] [REI] [REIPlugin START] Reloading Section: "end-reload/FluidSupportProviderImpl/" done in 29.86 μs
[02:18:07] [main/TRACE] [REI] [REIPlugin START] Reloading Section: "end-reload/" done in 732.1 μs
[02:18:07] [main/DEBUG] [REI] ========================================
[02:18:07] [main/DEBUG] [REI] REIPlugin ended main-reload for START in 18.73 ms.
[02:18:07] [main/DEBUG] [REI] ========================================
[02:18:07] [main/INFO] [REI] %%%%%%%%%%%%%%%%%%%%%%%%%%%%%%%%%%%%%%%%
[02:18:07] [main/INFO] [REI] REIServerPlugin starting main-reload for START.
[02:18:07] [main/DEBUG] [REI] Reloadables (2):
[02:18:07] [main/DEBUG] [REI]  - MenuInfoRegistryImpl
[02:18:07] [main/DEBUG] [REI]  - SlotAccessorRegistryImpl
[02:18:07] [main/INFO] [REI] Plugins (3):
[02:18:07] [main/INFO] [REI]  - (-100.00) DefaultPlugin of DefaultPlugin [roughlyenoughitems]
[02:18:07] [main/INFO] [REI]  - (0.00) FabricFluidAPISupportPlugin
[02:18:07] [main/INFO] [REI]  - (0.00) DefaultRuntimePlugin of DefaultRuntimePlugin [roughlyenoughitems]
[02:18:07] [main/INFO] [REI] %%%%%%%%%%%%%%%%%%%%%%%%%%%%%%%%%%%%%%%%
[02:18:07] [main/TRACE] [REI] [REIServerPlugin START] Reloading Section: "start-reload/"
[02:18:07] [main/TRACE] [REI] [REIServerPlugin START] Reloading Section: "start-reload/MenuInfoRegistryImpl/"
[02:18:07] [main/TRACE] [REI] [REIServerPlugin START] Reloading Section: "start-reload/MenuInfoRegistryImpl/" done in 54.51 μs
[02:18:07] [main/TRACE] [REI] [REIServerPlugin START] Reloading Section: "start-reload/SlotAccessorRegistryImpl/"
[02:18:07] [main/TRACE] [REI] [REIServerPlugin START] Reloading Section: "start-reload/SlotAccessorRegistryImpl/" done in 35.09 μs
[02:18:07] [main/TRACE] [REI] [REIServerPlugin START] Reloading Section: "start-reload/" done in 276.9 μs
[02:18:07] [main/DEBUG] [REI] ========================================
[02:18:07] [main/DEBUG] [REI] REIServerPlugin started main-reload for START.
[02:18:07] [main/DEBUG] [REI] ========================================
[02:18:07] [main/TRACE] [REI] [REIServerPlugin START] Reloading Section: "reloadable-plugin/MenuInfoRegistryImpl/"
[02:18:07] [main/TRACE] [REI] [REIServerPlugin START] Reloading Section: "reloadable-plugin/MenuInfoRegistryImpl/DefaultPlugin of DefaultPlugin [roughlyenoughitems]/"
[02:18:07] [main/TRACE] [REI] [REIServerPlugin START] Reloading Section: "reloadable-plugin/MenuInfoRegistryImpl/DefaultPlugin of DefaultPlugin [roughlyenoughitems]/" done in 35.75 μs
[02:18:07] [main/TRACE] [REI] [REIServerPlugin START] Reloading Section: "reloadable-plugin/MenuInfoRegistryImpl/FabricFluidAPISupportPlugin/"
[02:18:07] [main/TRACE] [REI] [REIServerPlugin START] Reloading Section: "reloadable-plugin/MenuInfoRegistryImpl/FabricFluidAPISupportPlugin/" done in 23.86 μs
[02:18:07] [main/TRACE] [REI] [REIServerPlugin START] Reloading Section: "reloadable-plugin/MenuInfoRegistryImpl/DefaultRuntimePlugin of DefaultRuntimePlugin [roughlyenoughitems]/"
[02:18:07] [main/TRACE] [REI] [REIServerPlugin START] Reloading Section: "reloadable-plugin/MenuInfoRegistryImpl/DefaultRuntimePlugin of DefaultRuntimePlugin [roughlyenoughitems]/" done in 24.69 μs
[02:18:07] [main/TRACE] [REI] [REIServerPlugin START] Reloading Section: "reloadable-plugin/MenuInfoRegistryImpl/" done in 293.7 μs
[02:18:07] [main/TRACE] [REI] [REIServerPlugin START] Reloading Section: "reloadable-plugin/SlotAccessorRegistryImpl/"
[02:18:07] [main/TRACE] [REI] [REIServerPlugin START] Reloading Section: "reloadable-plugin/SlotAccessorRegistryImpl/DefaultPlugin of DefaultPlugin [roughlyenoughitems]/"
[02:18:07] [main/TRACE] [REI] [REIServerPlugin START] Reloading Section: "reloadable-plugin/SlotAccessorRegistryImpl/DefaultPlugin of DefaultPlugin [roughlyenoughitems]/" done in 29.80 μs
[02:18:07] [main/TRACE] [REI] [REIServerPlugin START] Reloading Section: "reloadable-plugin/SlotAccessorRegistryImpl/FabricFluidAPISupportPlugin/"
[02:18:07] [main/TRACE] [REI] [REIServerPlugin START] Reloading Section: "reloadable-plugin/SlotAccessorRegistryImpl/FabricFluidAPISupportPlugin/" done in 26.68 μs
[02:18:07] [main/TRACE] [REI] [REIServerPlugin START] Reloading Section: "reloadable-plugin/SlotAccessorRegistryImpl/DefaultRuntimePlugin of DefaultRuntimePlugin [roughlyenoughitems]/"
[02:18:07] [main/TRACE] [REI] [REIServerPlugin START] Reloading Section: "reloadable-plugin/SlotAccessorRegistryImpl/DefaultRuntimePlugin of DefaultRuntimePlugin [roughlyenoughitems]/" done in 29.84 μs
[02:18:07] [main/TRACE] [REI] [REIServerPlugin START] Reloading Section: "reloadable-plugin/SlotAccessorRegistryImpl/" done in 299.2 μs
[02:18:07] [main/DEBUG] [REI] ========================================
[02:18:07] [main/DEBUG] [REI] REIServerPlugin ending main-reload for START.
[02:18:07] [main/DEBUG] [REI] ========================================
[02:18:07] [main/TRACE] [REI] [REIServerPlugin START] Reloading Section: "end-reload/"
[02:18:07] [main/TRACE] [REI] [REIServerPlugin START] Reloading Section: "end-reload/MenuInfoRegistryImpl/"
[02:18:07] [main/TRACE] [REI] [REIServerPlugin START] Reloading Section: "end-reload/MenuInfoRegistryImpl/" done in 27.86 μs
[02:18:07] [main/TRACE] [REI] [REIServerPlugin START] Reloading Section: "end-reload/SlotAccessorRegistryImpl/"
[02:18:07] [main/TRACE] [REI] [REIServerPlugin START] Reloading Section: "end-reload/SlotAccessorRegistryImpl/" done in 21.81 μs
[02:18:07] [main/TRACE] [REI] [REIServerPlugin START] Reloading Section: "end-reload/" done in 192.3 μs
[02:18:07] [main/DEBUG] [REI] ========================================
[02:18:07] [main/DEBUG] [REI] REIServerPlugin ended main-reload for START in 4.335 ms.
[02:18:07] [main/DEBUG] [REI] ========================================
[02:18:07] [main/DEBUG] [REI] ========================================
[02:18:07] [main/DEBUG] [REI] REIPlugin starting post-reload for START.
[02:18:07] [main/DEBUG] [REI] Reloadables (7):
[02:18:07] [main/DEBUG] [REI]  - EntryTypeRegistryImpl
[02:18:07] [main/DEBUG] [REI]  - EntrySettingsAdapterRegistryImpl
[02:18:07] [main/DEBUG] [REI]  - RecipeManagerContextImpl
[02:18:07] [main/DEBUG] [REI]  - ItemComparatorRegistryImpl
[02:18:07] [main/DEBUG] [REI]  - FluidComparatorRegistryImpl
[02:18:07] [main/DEBUG] [REI]  - DisplaySerializerRegistryImpl
[02:18:07] [main/DEBUG] [REI]  - FluidSupportProviderImpl
[02:18:07] [main/DEBUG] [REI] Plugins (3):
[02:18:07] [main/DEBUG] [REI]  - (-100.00) DefaultPlugin of DefaultPlugin [roughlyenoughitems]
[02:18:07] [main/DEBUG] [REI]  - (0.00) FabricFluidAPISupportPlugin
[02:18:07] [main/DEBUG] [REI]  - (0.00) DefaultRuntimePlugin of DefaultRuntimePlugin [roughlyenoughitems]
[02:18:07] [main/DEBUG] [REI] ========================================
[02:18:07] [main/TRACE] [REI] [REIPlugin START] Reloading Section: "post-register/"
[02:18:07] [main/TRACE] [REI] [REIPlugin START] Reloading Section: "post-register/DefaultPlugin of DefaultPlugin [roughlyenoughitems]/"
[02:18:07] [main/TRACE] [REI] [REIPlugin START] Reloading Section: "post-register/DefaultPlugin of DefaultPlugin [roughlyenoughitems]/" done in 378.5 μs
[02:18:07] [main/TRACE] [REI] [REIPlugin START] Reloading Section: "post-register/FabricFluidAPISupportPlugin/"
[02:18:07] [main/TRACE] [REI] [REIPlugin START] Reloading Section: "post-register/FabricFluidAPISupportPlugin/" done in 56.79 μs
[02:18:07] [main/TRACE] [REI] [REIPlugin START] Reloading Section: "post-register/DefaultRuntimePlugin of DefaultRuntimePlugin [roughlyenoughitems]/"
[02:18:07] [main/TRACE] [REI] [REIPlugin START] Reloading Section: "post-register/DefaultRuntimePlugin of DefaultRuntimePlugin [roughlyenoughitems]/" done in 42.13 μs
[02:18:07] [main/TRACE] [REI] [REIPlugin START] Reloading Section: "post-register/" done in 1.129 ms
[02:18:07] [main/TRACE] [REI] [REIPlugin START] Reloading Section: "post-stage/"
[02:18:07] [main/TRACE] [REI] [REIPlugin START] Reloading Section: "post-stage/EntryTypeRegistryImpl/"
[02:18:07] [main/TRACE] [REI] [REIPlugin START] Reloading Section: "post-stage/EntryTypeRegistryImpl/" done in 38.37 μs
[02:18:07] [main/TRACE] [REI] [REIPlugin START] Reloading Section: "post-stage/EntrySettingsAdapterRegistryImpl/"
[02:18:07] [main/TRACE] [REI] [REIPlugin START] Reloading Section: "post-stage/EntrySettingsAdapterRegistryImpl/" done in 45.15 μs
[02:18:07] [main/TRACE] [REI] [REIPlugin START] Reloading Section: "post-stage/RecipeManagerContextImpl/"
[02:18:07] [main/TRACE] [REI] [REIPlugin START] Reloading Section: "post-stage/RecipeManagerContextImpl/" done in 70.79 μs
[02:18:07] [main/TRACE] [REI] [REIPlugin START] Reloading Section: "post-stage/ItemComparatorRegistryImpl/"
[02:18:07] [main/TRACE] [REI] [REIPlugin START] Reloading Section: "post-stage/ItemComparatorRegistryImpl/" done in 33.91 μs
[02:18:07] [main/TRACE] [REI] [REIPlugin START] Reloading Section: "post-stage/FluidComparatorRegistryImpl/"
[02:18:07] [main/TRACE] [REI] [REIPlugin START] Reloading Section: "post-stage/FluidComparatorRegistryImpl/" done in 29.87 μs
[02:18:07] [main/TRACE] [REI] [REIPlugin START] Reloading Section: "post-stage/DisplaySerializerRegistryImpl/"
[02:18:07] [main/TRACE] [REI] [REIPlugin START] Reloading Section: "post-stage/DisplaySerializerRegistryImpl/" done in 29.34 μs
[02:18:07] [main/TRACE] [REI] [REIPlugin START] Reloading Section: "post-stage/FluidSupportProviderImpl/"
[02:18:07] [main/TRACE] [REI] [REIPlugin START] Reloading Section: "post-stage/FluidSupportProviderImpl/" done in 29.39 μs
[02:18:07] [main/TRACE] [REI] [REIPlugin START] Reloading Section: "post-stage/" done in 876.8 μs
[02:18:07] [main/DEBUG] [REI] ========================================
[02:18:07] [main/INFO] [REI] REIPlugin finished post-reload for START in 2.149 ms, totaling 32.02 ms.
[02:18:07] [main/DEBUG] [REI] ========================================
[02:18:07] [main/DEBUG] [REI] ========================================
[02:18:07] [main/DEBUG] [REI] REIServerPlugin starting post-reload for START.
[02:18:07] [main/DEBUG] [REI] Reloadables (2):
[02:18:07] [main/DEBUG] [REI]  - MenuInfoRegistryImpl
[02:18:07] [main/DEBUG] [REI]  - SlotAccessorRegistryImpl
[02:18:07] [main/DEBUG] [REI] Plugins (3):
[02:18:07] [main/DEBUG] [REI]  - (-100.00) DefaultPlugin of DefaultPlugin [roughlyenoughitems]
[02:18:07] [main/DEBUG] [REI]  - (0.00) FabricFluidAPISupportPlugin
[02:18:07] [main/DEBUG] [REI]  - (0.00) DefaultRuntimePlugin of DefaultRuntimePlugin [roughlyenoughitems]
[02:18:07] [main/DEBUG] [REI] ========================================
[02:18:07] [main/TRACE] [REI] [REIServerPlugin START] Reloading Section: "post-register/"
[02:18:07] [main/TRACE] [REI] [REIServerPlugin START] Reloading Section: "post-register/DefaultPlugin of DefaultPlugin [roughlyenoughitems]/"
[02:18:07] [main/TRACE] [REI] [REIServerPlugin START] Reloading Section: "post-register/DefaultPlugin of DefaultPlugin [roughlyenoughitems]/" done in 29.31 μs
[02:18:07] [main/TRACE] [REI] [REIServerPlugin START] Reloading Section: "post-register/FabricFluidAPISupportPlugin/"
[02:18:07] [main/TRACE] [REI] [REIServerPlugin START] Reloading Section: "post-register/FabricFluidAPISupportPlugin/" done in 27.60 μs
[02:18:07] [main/TRACE] [REI] [REIServerPlugin START] Reloading Section: "post-register/DefaultRuntimePlugin of DefaultRuntimePlugin [roughlyenoughitems]/"
[02:18:07] [main/TRACE] [REI] [REIServerPlugin START] Reloading Section: "post-register/DefaultRuntimePlugin of DefaultRuntimePlugin [roughlyenoughitems]/" done in 25.98 μs
[02:18:07] [main/TRACE] [REI] [REIServerPlugin START] Reloading Section: "post-register/" done in 259.4 μs
[02:18:07] [main/TRACE] [REI] [REIServerPlugin START] Reloading Section: "post-stage/"
[02:18:07] [main/TRACE] [REI] [REIServerPlugin START] Reloading Section: "post-stage/MenuInfoRegistryImpl/"
[02:18:07] [main/TRACE] [REI] [REIServerPlugin START] Reloading Section: "post-stage/MenuInfoRegistryImpl/" done in 19.85 μs
[02:18:07] [main/TRACE] [REI] [REIServerPlugin START] Reloading Section: "post-stage/SlotAccessorRegistryImpl/"
[02:18:07] [main/TRACE] [REI] [REIServerPlugin START] Reloading Section: "post-stage/SlotAccessorRegistryImpl/" done in 19.55 μs
[02:18:07] [main/TRACE] [REI] [REIServerPlugin START] Reloading Section: "post-stage/" done in 158.6 μs
[02:18:07] [main/DEBUG] [REI] ========================================
[02:18:07] [main/INFO] [REI] REIServerPlugin finished post-reload for START in 496.7 μs, totaling 5.531 ms.
[02:18:07] [main/DEBUG] [REI] ========================================
[02:18:07] [main/DEBUG] [REI] ========================================
[02:18:07] [main/DEBUG] [REI] REIPlugin starting pre-reload for END.
[02:18:07] [main/DEBUG] [REI] Reloadables (7):
[02:18:07] [main/DEBUG] [REI]  - EntryTypeRegistryImpl
[02:18:07] [main/DEBUG] [REI]  - EntrySettingsAdapterRegistryImpl
[02:18:07] [main/DEBUG] [REI]  - RecipeManagerContextImpl
[02:18:07] [main/DEBUG] [REI]  - ItemComparatorRegistryImpl
[02:18:07] [main/DEBUG] [REI]  - FluidComparatorRegistryImpl
[02:18:07] [main/DEBUG] [REI]  - DisplaySerializerRegistryImpl
[02:18:07] [main/DEBUG] [REI]  - FluidSupportProviderImpl
[02:18:07] [main/DEBUG] [REI] Plugins (3):
[02:18:07] [main/DEBUG] [REI]  - (-100.00) DefaultPlugin of DefaultPlugin [roughlyenoughitems]
[02:18:07] [main/DEBUG] [REI]  - (0.00) FabricFluidAPISupportPlugin
[02:18:07] [main/DEBUG] [REI]  - (0.00) DefaultRuntimePlugin of DefaultRuntimePlugin [roughlyenoughitems]
[02:18:07] [main/DEBUG] [REI] ========================================
[02:18:07] [main/TRACE] [REI] [REIPlugin END] Reloading Section: "pre-register/"
[02:18:07] [main/TRACE] [REI] [REIPlugin END] Reloading Section: "pre-register/DefaultPlugin of DefaultPlugin [roughlyenoughitems]/"
[02:18:07] [main/TRACE] [REI] [REIPlugin END] Reloading Section: "pre-register/DefaultPlugin of DefaultPlugin [roughlyenoughitems]/" done in 48.32 μs
[02:18:07] [main/TRACE] [REI] [REIPlugin END] Reloading Section: "pre-register/FabricFluidAPISupportPlugin/"
[02:18:07] [main/TRACE] [REI] [REIPlugin END] Reloading Section: "pre-register/FabricFluidAPISupportPlugin/" done in 34.02 μs
[02:18:07] [main/TRACE] [REI] [REIPlugin END] Reloading Section: "pre-register/DefaultRuntimePlugin of DefaultRuntimePlugin [roughlyenoughitems]/"
[02:18:07] [main/TRACE] [REI] [REIPlugin END] Reloading Section: "pre-register/DefaultRuntimePlugin of DefaultRuntimePlugin [roughlyenoughitems]/" done in 32.78 μs
[02:18:07] [main/TRACE] [REI] [REIPlugin END] Reloading Section: "pre-register/" done in 338.3 μs
[02:18:07] [main/TRACE] [REI] [REIPlugin END] Reloading Section: "pre-stage/"
[02:18:07] [main/TRACE] [REI] [REIPlugin END] Reloading Section: "pre-stage/EntryTypeRegistryImpl/"
[02:18:07] [main/TRACE] [REI] [REIPlugin END] Reloading Section: "pre-stage/EntryTypeRegistryImpl/" done in 56.57 μs
[02:18:07] [main/TRACE] [REI] [REIPlugin END] Reloading Section: "pre-stage/EntrySettingsAdapterRegistryImpl/"
[02:18:07] [main/TRACE] [REI] [REIPlugin END] Reloading Section: "pre-stage/EntrySettingsAdapterRegistryImpl/" done in 45.11 μs
[02:18:07] [main/TRACE] [REI] [REIPlugin END] Reloading Section: "pre-stage/RecipeManagerContextImpl/"
[02:18:07] [main/TRACE] [REI] [REIPlugin END] Reloading Section: "pre-stage/RecipeManagerContextImpl/" done in 31.88 μs
[02:18:07] [main/TRACE] [REI] [REIPlugin END] Reloading Section: "pre-stage/ItemComparatorRegistryImpl/"
[02:18:07] [main/TRACE] [REI] [REIPlugin END] Reloading Section: "pre-stage/ItemComparatorRegistryImpl/" done in 30.53 μs
[02:18:07] [main/TRACE] [REI] [REIPlugin END] Reloading Section: "pre-stage/FluidComparatorRegistryImpl/"
[02:18:07] [main/TRACE] [REI] [REIPlugin END] Reloading Section: "pre-stage/FluidComparatorRegistryImpl/" done in 30.38 μs
[02:18:07] [main/TRACE] [REI] [REIPlugin END] Reloading Section: "pre-stage/DisplaySerializerRegistryImpl/"
[02:18:07] [main/TRACE] [REI] [REIPlugin END] Reloading Section: "pre-stage/DisplaySerializerRegistryImpl/" done in 33.99 μs
[02:18:07] [main/TRACE] [REI] [REIPlugin END] Reloading Section: "pre-stage/FluidSupportProviderImpl/"
[02:18:07] [main/TRACE] [REI] [REIPlugin END] Reloading Section: "pre-stage/FluidSupportProviderImpl/" done in 30.83 μs
[02:18:07] [main/TRACE] [REI] [REIPlugin END] Reloading Section: "pre-stage/" done in 716.8 μs
[02:18:07] [main/DEBUG] [REI] ========================================
[02:18:07] [main/DEBUG] [REI] REIPlugin finished pre-reload for END in 1.158 ms.
[02:18:07] [main/DEBUG] [REI] ========================================
[02:18:07] [main/DEBUG] [REI] ========================================
[02:18:07] [main/DEBUG] [REI] REIServerPlugin starting pre-reload for END.
[02:18:07] [main/DEBUG] [REI] Reloadables (2):
[02:18:07] [main/DEBUG] [REI]  - MenuInfoRegistryImpl
[02:18:07] [main/DEBUG] [REI]  - SlotAccessorRegistryImpl
[02:18:07] [main/DEBUG] [REI] Plugins (3):
[02:18:07] [main/DEBUG] [REI]  - (-100.00) DefaultPlugin of DefaultPlugin [roughlyenoughitems]
[02:18:07] [main/DEBUG] [REI]  - (0.00) FabricFluidAPISupportPlugin
[02:18:07] [main/DEBUG] [REI]  - (0.00) DefaultRuntimePlugin of DefaultRuntimePlugin [roughlyenoughitems]
[02:18:07] [main/DEBUG] [REI] ========================================
[02:18:07] [main/TRACE] [REI] [REIServerPlugin END] Reloading Section: "pre-register/"
[02:18:07] [main/TRACE] [REI] [REIServerPlugin END] Reloading Section: "pre-register/DefaultPlugin of DefaultPlugin [roughlyenoughitems]/"
[02:18:07] [main/TRACE] [REI] [REIServerPlugin END] Reloading Section: "pre-register/DefaultPlugin of DefaultPlugin [roughlyenoughitems]/" done in 41.98 μs
[02:18:07] [main/TRACE] [REI] [REIServerPlugin END] Reloading Section: "pre-register/FabricFluidAPISupportPlugin/"
[02:18:07] [main/TRACE] [REI] [REIServerPlugin END] Reloading Section: "pre-register/FabricFluidAPISupportPlugin/" done in 35.72 μs
[02:18:07] [main/TRACE] [REI] [REIServerPlugin END] Reloading Section: "pre-register/DefaultRuntimePlugin of DefaultRuntimePlugin [roughlyenoughitems]/"
[02:18:07] [main/TRACE] [REI] [REIServerPlugin END] Reloading Section: "pre-register/DefaultRuntimePlugin of DefaultRuntimePlugin [roughlyenoughitems]/" done in 33.26 μs
[02:18:07] [main/TRACE] [REI] [REIServerPlugin END] Reloading Section: "pre-register/" done in 365.1 μs
[02:18:07] [main/TRACE] [REI] [REIServerPlugin END] Reloading Section: "pre-stage/"
[02:18:07] [main/TRACE] [REI] [REIServerPlugin END] Reloading Section: "pre-stage/MenuInfoRegistryImpl/"
[02:18:07] [main/TRACE] [REI] [REIServerPlugin END] Reloading Section: "pre-stage/MenuInfoRegistryImpl/" done in 46.48 μs
[02:18:07] [main/TRACE] [REI] [REIServerPlugin END] Reloading Section: "pre-stage/SlotAccessorRegistryImpl/"
[02:18:07] [main/TRACE] [REI] [REIServerPlugin END] Reloading Section: "pre-stage/SlotAccessorRegistryImpl/" done in 36.58 μs
[02:18:07] [main/TRACE] [REI] [REIServerPlugin END] Reloading Section: "pre-stage/" done in 295.1 μs
[02:18:07] [main/DEBUG] [REI] ========================================
[02:18:07] [main/DEBUG] [REI] REIServerPlugin finished pre-reload for END in 779.7 μs.
[02:18:07] [main/DEBUG] [REI] ========================================
[02:18:07] [main/INFO] [REI] ~~~~~~~~~~~~~~~~~~~~~~~~~~~~~~~~~~~~~~~~
[02:18:07] [main/INFO] [REI] REIPlugin starting main-reload for END.
[02:18:07] [main/DEBUG] [REI] Reloadables (7):
[02:18:07] [main/DEBUG] [REI]  - EntryTypeRegistryImpl
[02:18:07] [main/DEBUG] [REI]  - EntrySettingsAdapterRegistryImpl
[02:18:07] [main/DEBUG] [REI]  - RecipeManagerContextImpl
[02:18:07] [main/DEBUG] [REI]  - ItemComparatorRegistryImpl
[02:18:07] [main/DEBUG] [REI]  - FluidComparatorRegistryImpl
[02:18:07] [main/DEBUG] [REI]  - DisplaySerializerRegistryImpl
[02:18:07] [main/DEBUG] [REI]  - FluidSupportProviderImpl
[02:18:07] [main/INFO] [REI] Plugins (3):
[02:18:07] [main/INFO] [REI]  - (-100.00) DefaultPlugin of DefaultPlugin [roughlyenoughitems]
[02:18:07] [main/INFO] [REI]  - (0.00) FabricFluidAPISupportPlugin
[02:18:07] [main/INFO] [REI]  - (0.00) DefaultRuntimePlugin of DefaultRuntimePlugin [roughlyenoughitems]
[02:18:07] [main/INFO] [REI] ~~~~~~~~~~~~~~~~~~~~~~~~~~~~~~~~~~~~~~~~
[02:18:07] [main/TRACE] [REI] [REIPlugin END] Reloading Section: "start-reload/"
[02:18:07] [main/TRACE] [REI] [REIPlugin END] Reloading Section: "start-reload/EntryTypeRegistryImpl/"
[02:18:07] [main/TRACE] [REI] [REIPlugin END] Reloading Section: "start-reload/EntryTypeRegistryImpl/" done in 31.14 μs
[02:18:07] [main/TRACE] [REI] [REIPlugin END] Reloading Section: "start-reload/EntrySettingsAdapterRegistryImpl/"
[02:18:07] [main/TRACE] [REI] [REIPlugin END] Reloading Section: "start-reload/EntrySettingsAdapterRegistryImpl/" done in 41.65 μs
[02:18:07] [main/TRACE] [REI] [REIPlugin END] Reloading Section: "start-reload/RecipeManagerContextImpl/"
[02:18:07] [main/TRACE] [REI] [REIPlugin END] Reloading Section: "start-reload/RecipeManagerContextImpl/" done in 30.18 μs
[02:18:07] [main/TRACE] [REI] [REIPlugin END] Reloading Section: "start-reload/ItemComparatorRegistryImpl/"
[02:18:07] [main/TRACE] [REI] [REIPlugin END] Reloading Section: "start-reload/ItemComparatorRegistryImpl/" done in 27.84 μs
[02:18:07] [main/TRACE] [REI] [REIPlugin END] Reloading Section: "start-reload/FluidComparatorRegistryImpl/"
[02:18:07] [main/TRACE] [REI] [REIPlugin END] Reloading Section: "start-reload/FluidComparatorRegistryImpl/" done in 27.88 μs
[02:18:07] [main/TRACE] [REI] [REIPlugin END] Reloading Section: "start-reload/DisplaySerializerRegistryImpl/"
[02:18:07] [main/TRACE] [REI] [REIPlugin END] Reloading Section: "start-reload/DisplaySerializerRegistryImpl/" done in 37.25 μs
[02:18:07] [main/TRACE] [REI] [REIPlugin END] Reloading Section: "start-reload/FluidSupportProviderImpl/"
[02:18:07] [main/TRACE] [REI] [REIPlugin END] Reloading Section: "start-reload/FluidSupportProviderImpl/" done in 28.83 μs
[02:18:07] [main/TRACE] [REI] [REIPlugin END] Reloading Section: "start-reload/" done in 647.2 μs
[02:18:07] [main/DEBUG] [REI] ========================================
[02:18:07] [main/DEBUG] [REI] REIPlugin started main-reload for END.
[02:18:07] [main/DEBUG] [REI] ========================================
[02:18:07] [main/TRACE] [REI] [REIPlugin END] Reloading Section: "reloadable-plugin/EntryTypeRegistryImpl/"
[02:18:07] [main/TRACE] [REI] [REIPlugin END] Reloading Section: "reloadable-plugin/EntryTypeRegistryImpl/DefaultPlugin of DefaultPlugin [roughlyenoughitems]/"
[02:18:07] [main/TRACE] [REI] [REIPlugin END] Reloading Section: "reloadable-plugin/EntryTypeRegistryImpl/DefaultPlugin of DefaultPlugin [roughlyenoughitems]/" done in 42.95 μs
[02:18:07] [main/TRACE] [REI] [REIPlugin END] Reloading Section: "reloadable-plugin/EntryTypeRegistryImpl/FabricFluidAPISupportPlugin/"
[02:18:07] [main/TRACE] [REI] [REIPlugin END] Reloading Section: "reloadable-plugin/EntryTypeRegistryImpl/FabricFluidAPISupportPlugin/" done in 35.16 μs
[02:18:07] [main/TRACE] [REI] [REIPlugin END] Reloading Section: "reloadable-plugin/EntryTypeRegistryImpl/DefaultRuntimePlugin of DefaultRuntimePlugin [roughlyenoughitems]/"
[02:18:07] [main/TRACE] [REI] [REIPlugin END] Reloading Section: "reloadable-plugin/EntryTypeRegistryImpl/DefaultRuntimePlugin of DefaultRuntimePlugin [roughlyenoughitems]/" done in 33.02 μs
[02:18:07] [main/TRACE] [REI] [REIPlugin END] Reloading Section: "reloadable-plugin/EntryTypeRegistryImpl/" done in 360.3 μs
[02:18:07] [main/TRACE] [REI] [REIPlugin END] Reloading Section: "reloadable-plugin/EntrySettingsAdapterRegistryImpl/"
[02:18:07] [main/TRACE] [REI] [REIPlugin END] Reloading Section: "reloadable-plugin/EntrySettingsAdapterRegistryImpl/DefaultPlugin of DefaultPlugin [roughlyenoughitems]/"
[02:18:07] [main/TRACE] [REI] [REIPlugin END] Reloading Section: "reloadable-plugin/EntrySettingsAdapterRegistryImpl/DefaultPlugin of DefaultPlugin [roughlyenoughitems]/" done in 45.12 μs
[02:18:07] [main/TRACE] [REI] [REIPlugin END] Reloading Section: "reloadable-plugin/EntrySettingsAdapterRegistryImpl/FabricFluidAPISupportPlugin/"
[02:18:07] [main/TRACE] [REI] [REIPlugin END] Reloading Section: "reloadable-plugin/EntrySettingsAdapterRegistryImpl/FabricFluidAPISupportPlugin/" done in 33.39 μs
[02:18:07] [main/TRACE] [REI] [REIPlugin END] Reloading Section: "reloadable-plugin/EntrySettingsAdapterRegistryImpl/DefaultRuntimePlugin of DefaultRuntimePlugin [roughlyenoughitems]/"
[02:18:07] [main/TRACE] [REI] [REIPlugin END] Reloading Section: "reloadable-plugin/EntrySettingsAdapterRegistryImpl/DefaultRuntimePlugin of DefaultRuntimePlugin [roughlyenoughitems]/" done in 43.02 μs
[02:18:07] [main/TRACE] [REI] [REIPlugin END] Reloading Section: "reloadable-plugin/EntrySettingsAdapterRegistryImpl/" done in 345.6 μs
[02:18:07] [main/TRACE] [REI] [REIPlugin END] Reloading Section: "reloadable-plugin/RecipeManagerContextImpl/"
[02:18:07] [main/TRACE] [REI] [REIPlugin END] Reloading Section: "reloadable-plugin/RecipeManagerContextImpl/DefaultPlugin of DefaultPlugin [roughlyenoughitems]/"
[02:18:07] [main/TRACE] [REI] [REIPlugin END] Reloading Section: "reloadable-plugin/RecipeManagerContextImpl/DefaultPlugin of DefaultPlugin [roughlyenoughitems]/" done in 36.21 μs
[02:18:07] [main/TRACE] [REI] [REIPlugin END] Reloading Section: "reloadable-plugin/RecipeManagerContextImpl/FabricFluidAPISupportPlugin/"
[02:18:07] [main/TRACE] [REI] [REIPlugin END] Reloading Section: "reloadable-plugin/RecipeManagerContextImpl/FabricFluidAPISupportPlugin/" done in 30.57 μs
[02:18:07] [main/TRACE] [REI] [REIPlugin END] Reloading Section: "reloadable-plugin/RecipeManagerContextImpl/DefaultRuntimePlugin of DefaultRuntimePlugin [roughlyenoughitems]/"
[02:18:07] [main/TRACE] [REI] [REIPlugin END] Reloading Section: "reloadable-plugin/RecipeManagerContextImpl/DefaultRuntimePlugin of DefaultRuntimePlugin [roughlyenoughitems]/" done in 25.03 μs
[02:18:07] [main/TRACE] [REI] [REIPlugin END] Reloading Section: "reloadable-plugin/RecipeManagerContextImpl/" done in 296.1 μs
[02:18:07] [main/TRACE] [REI] [REIPlugin END] Reloading Section: "reloadable-plugin/ItemComparatorRegistryImpl/"
[02:18:07] [main/TRACE] [REI] [REIPlugin END] Reloading Section: "reloadable-plugin/ItemComparatorRegistryImpl/DefaultPlugin of DefaultPlugin [roughlyenoughitems]/"
[02:18:07] [main/TRACE] [REI] [REIPlugin END] Reloading Section: "reloadable-plugin/ItemComparatorRegistryImpl/DefaultPlugin of DefaultPlugin [roughlyenoughitems]/" done in 30.68 μs
[02:18:07] [main/TRACE] [REI] [REIPlugin END] Reloading Section: "reloadable-plugin/ItemComparatorRegistryImpl/FabricFluidAPISupportPlugin/"
[02:18:07] [main/TRACE] [REI] [REIPlugin END] Reloading Section: "reloadable-plugin/ItemComparatorRegistryImpl/FabricFluidAPISupportPlugin/" done in 22.84 μs
[02:18:07] [main/TRACE] [REI] [REIPlugin END] Reloading Section: "reloadable-plugin/ItemComparatorRegistryImpl/DefaultRuntimePlugin of DefaultRuntimePlugin [roughlyenoughitems]/"
[02:18:07] [main/TRACE] [REI] [REIPlugin END] Reloading Section: "reloadable-plugin/ItemComparatorRegistryImpl/DefaultRuntimePlugin of DefaultRuntimePlugin [roughlyenoughitems]/" done in 23.11 μs
[02:18:07] [main/TRACE] [REI] [REIPlugin END] Reloading Section: "reloadable-plugin/ItemComparatorRegistryImpl/" done in 291.8 μs
[02:18:07] [main/TRACE] [REI] [REIPlugin END] Reloading Section: "reloadable-plugin/FluidComparatorRegistryImpl/"
[02:18:07] [main/TRACE] [REI] [REIPlugin END] Reloading Section: "reloadable-plugin/FluidComparatorRegistryImpl/DefaultPlugin of DefaultPlugin [roughlyenoughitems]/"
[02:18:07] [main/TRACE] [REI] [REIPlugin END] Reloading Section: "reloadable-plugin/FluidComparatorRegistryImpl/DefaultPlugin of DefaultPlugin [roughlyenoughitems]/" done in 20.28 μs
[02:18:07] [main/TRACE] [REI] [REIPlugin END] Reloading Section: "reloadable-plugin/FluidComparatorRegistryImpl/FabricFluidAPISupportPlugin/"
[02:18:07] [main/TRACE] [REI] [REIPlugin END] Reloading Section: "reloadable-plugin/FluidComparatorRegistryImpl/FabricFluidAPISupportPlugin/" done in 23.28 μs
[02:18:07] [main/TRACE] [REI] [REIPlugin END] Reloading Section: "reloadable-plugin/FluidComparatorRegistryImpl/DefaultRuntimePlugin of DefaultRuntimePlugin [roughlyenoughitems]/"
[02:18:07] [main/TRACE] [REI] [REIPlugin END] Reloading Section: "reloadable-plugin/FluidComparatorRegistryImpl/DefaultRuntimePlugin of DefaultRuntimePlugin [roughlyenoughitems]/" done in 19.98 μs
[02:18:07] [main/TRACE] [REI] [REIPlugin END] Reloading Section: "reloadable-plugin/FluidComparatorRegistryImpl/" done in 201.3 μs
[02:18:07] [main/TRACE] [REI] [REIPlugin END] Reloading Section: "reloadable-plugin/DisplaySerializerRegistryImpl/"
[02:18:07] [main/TRACE] [REI] [REIPlugin END] Reloading Section: "reloadable-plugin/DisplaySerializerRegistryImpl/DefaultPlugin of DefaultPlugin [roughlyenoughitems]/"
[02:18:07] [main/TRACE] [REI] [REIPlugin END] Reloading Section: "reloadable-plugin/DisplaySerializerRegistryImpl/DefaultPlugin of DefaultPlugin [roughlyenoughitems]/" done in 19.49 ms
[02:18:07] [main/TRACE] [REI] [REIPlugin END] Reloading Section: "reloadable-plugin/DisplaySerializerRegistryImpl/FabricFluidAPISupportPlugin/"
[02:18:07] [main/TRACE] [REI] [REIPlugin END] Reloading Section: "reloadable-plugin/DisplaySerializerRegistryImpl/FabricFluidAPISupportPlugin/" done in 56.49 μs
[02:18:07] [main/TRACE] [REI] [REIPlugin END] Reloading Section: "reloadable-plugin/DisplaySerializerRegistryImpl/DefaultRuntimePlugin of DefaultRuntimePlugin [roughlyenoughitems]/"
[02:18:07] [main/TRACE] [REI] [REIPlugin END] Reloading Section: "reloadable-plugin/DisplaySerializerRegistryImpl/DefaultRuntimePlugin of DefaultRuntimePlugin [roughlyenoughitems]/" done in 50.17 μs
[02:18:07] [main/TRACE] [REI] [REIPlugin END] Reloading Section: "reloadable-plugin/DisplaySerializerRegistryImpl/" done in 20.01 ms
[02:18:07] [main/TRACE] [REI] [REIPlugin END] Reloading Section: "reloadable-plugin/FluidSupportProviderImpl/"
[02:18:07] [main/TRACE] [REI] [REIPlugin END] Reloading Section: "reloadable-plugin/FluidSupportProviderImpl/DefaultPlugin of DefaultPlugin [roughlyenoughitems]/"
[02:18:07] [main/TRACE] [REI] [REIPlugin END] Reloading Section: "reloadable-plugin/FluidSupportProviderImpl/DefaultPlugin of DefaultPlugin [roughlyenoughitems]/" done in 52.84 μs
[02:18:07] [main/TRACE] [REI] [REIPlugin END] Reloading Section: "reloadable-plugin/FluidSupportProviderImpl/FabricFluidAPISupportPlugin/"
[02:18:07] [main/TRACE] [REI] [REIPlugin END] Reloading Section: "reloadable-plugin/FluidSupportProviderImpl/FabricFluidAPISupportPlugin/" done in 39.90 μs
[02:18:07] [main/TRACE] [REI] [REIPlugin END] Reloading Section: "reloadable-plugin/FluidSupportProviderImpl/DefaultRuntimePlugin of DefaultRuntimePlugin [roughlyenoughitems]/"
[02:18:07] [main/TRACE] [REI] [REIPlugin END] Reloading Section: "reloadable-plugin/FluidSupportProviderImpl/DefaultRuntimePlugin of DefaultRuntimePlugin [roughlyenoughitems]/" done in 39.66 μs
[02:18:07] [main/TRACE] [REI] [REIPlugin END] Reloading Section: "reloadable-plugin/FluidSupportProviderImpl/" done in 413.9 μs
[02:18:07] [main/DEBUG] [REI] ========================================
[02:18:07] [main/DEBUG] [REI] REIPlugin ending main-reload for END.
[02:18:07] [main/DEBUG] [REI] ========================================
[02:18:07] [main/TRACE] [REI] [REIPlugin END] Reloading Section: "end-reload/"
[02:18:07] [main/TRACE] [REI] [REIPlugin END] Reloading Section: "end-reload/EntryTypeRegistryImpl/"
[02:18:07] [main/TRACE] [REI] [REIPlugin END] Reloading Section: "end-reload/EntryTypeRegistryImpl/" done in 33.13 μs
[02:18:07] [main/TRACE] [REI] [REIPlugin END] Reloading Section: "end-reload/EntrySettingsAdapterRegistryImpl/"
[02:18:07] [main/TRACE] [REI] [REIPlugin END] Reloading Section: "end-reload/EntrySettingsAdapterRegistryImpl/" done in 28.95 μs
[02:18:07] [main/TRACE] [REI] [REIPlugin END] Reloading Section: "end-reload/RecipeManagerContextImpl/"
[02:18:07] [main/TRACE] [REI] [REIPlugin END] Reloading Section: "end-reload/RecipeManagerContextImpl/" done in 27.42 μs
[02:18:07] [main/TRACE] [REI] [REIPlugin END] Reloading Section: "end-reload/ItemComparatorRegistryImpl/"
[02:18:07] [main/TRACE] [REI] [REIPlugin END] Reloading Section: "end-reload/ItemComparatorRegistryImpl/" done in 36.58 μs
[02:18:07] [main/TRACE] [REI] [REIPlugin END] Reloading Section: "end-reload/FluidComparatorRegistryImpl/"
[02:18:07] [main/TRACE] [REI] [REIPlugin END] Reloading Section: "end-reload/FluidComparatorRegistryImpl/" done in 30.34 μs
[02:18:07] [main/TRACE] [REI] [REIPlugin END] Reloading Section: "end-reload/DisplaySerializerRegistryImpl/"
[02:18:07] [main/TRACE] [REI] [REIPlugin END] Reloading Section: "end-reload/DisplaySerializerRegistryImpl/" done in 27.76 μs
[02:18:07] [main/TRACE] [REI] [REIPlugin END] Reloading Section: "end-reload/FluidSupportProviderImpl/"
[02:18:07] [main/TRACE] [REI] [REIPlugin END] Reloading Section: "end-reload/FluidSupportProviderImpl/" done in 27.40 μs
[02:18:07] [main/TRACE] [REI] [REIPlugin END] Reloading Section: "end-reload/" done in 666.2 μs
[02:18:07] [main/DEBUG] [REI] ========================================
[02:18:07] [main/DEBUG] [REI] REIPlugin ended main-reload for END in 25.40 ms.
[02:18:07] [main/DEBUG] [REI] ========================================
[02:18:07] [main/INFO] [REI] ########################################
[02:18:07] [main/INFO] [REI] REIServerPlugin starting main-reload for END.
[02:18:07] [main/DEBUG] [REI] Reloadables (2):
[02:18:07] [main/DEBUG] [REI]  - MenuInfoRegistryImpl
[02:18:07] [main/DEBUG] [REI]  - SlotAccessorRegistryImpl
[02:18:07] [main/INFO] [REI] Plugins (3):
[02:18:07] [main/INFO] [REI]  - (-100.00) DefaultPlugin of DefaultPlugin [roughlyenoughitems]
[02:18:07] [main/INFO] [REI]  - (0.00) FabricFluidAPISupportPlugin
[02:18:07] [main/INFO] [REI]  - (0.00) DefaultRuntimePlugin of DefaultRuntimePlugin [roughlyenoughitems]
[02:18:07] [main/INFO] [REI] ########################################
[02:18:07] [main/TRACE] [REI] [REIServerPlugin END] Reloading Section: "start-reload/"
[02:18:07] [main/TRACE] [REI] [REIServerPlugin END] Reloading Section: "start-reload/MenuInfoRegistryImpl/"
[02:18:07] [main/TRACE] [REI] [REIServerPlugin END] Reloading Section: "start-reload/MenuInfoRegistryImpl/" done in 45.82 μs
[02:18:07] [main/TRACE] [REI] [REIServerPlugin END] Reloading Section: "start-reload/SlotAccessorRegistryImpl/"
[02:18:07] [main/TRACE] [REI] [REIServerPlugin END] Reloading Section: "start-reload/SlotAccessorRegistryImpl/" done in 35.59 μs
[02:18:07] [main/TRACE] [REI] [REIServerPlugin END] Reloading Section: "start-reload/" done in 260.8 μs
[02:18:07] [main/DEBUG] [REI] ========================================
[02:18:07] [main/DEBUG] [REI] REIServerPlugin started main-reload for END.
[02:18:07] [main/DEBUG] [REI] ========================================
[02:18:07] [main/TRACE] [REI] [REIServerPlugin END] Reloading Section: "reloadable-plugin/MenuInfoRegistryImpl/"
[02:18:07] [main/TRACE] [REI] [REIServerPlugin END] Reloading Section: "reloadable-plugin/MenuInfoRegistryImpl/DefaultPlugin of DefaultPlugin [roughlyenoughitems]/"
[02:18:07] [main/TRACE] [REI] [REIServerPlugin END] Reloading Section: "reloadable-plugin/MenuInfoRegistryImpl/DefaultPlugin of DefaultPlugin [roughlyenoughitems]/" done in 89.86 μs
[02:18:07] [main/TRACE] [REI] [REIServerPlugin END] Reloading Section: "reloadable-plugin/MenuInfoRegistryImpl/FabricFluidAPISupportPlugin/"
[02:18:07] [main/TRACE] [REI] [REIServerPlugin END] Reloading Section: "reloadable-plugin/MenuInfoRegistryImpl/FabricFluidAPISupportPlugin/" done in 33.74 μs
[02:18:07] [main/TRACE] [REI] [REIServerPlugin END] Reloading Section: "reloadable-plugin/MenuInfoRegistryImpl/DefaultRuntimePlugin of DefaultRuntimePlugin [roughlyenoughitems]/"
[02:18:07] [main/TRACE] [REI] [REIServerPlugin END] Reloading Section: "reloadable-plugin/MenuInfoRegistryImpl/DefaultRuntimePlugin of DefaultRuntimePlugin [roughlyenoughitems]/" done in 34.61 μs
[02:18:07] [main/TRACE] [REI] [REIServerPlugin END] Reloading Section: "reloadable-plugin/MenuInfoRegistryImpl/" done in 568.6 μs
[02:18:07] [main/TRACE] [REI] [REIServerPlugin END] Reloading Section: "reloadable-plugin/SlotAccessorRegistryImpl/"
[02:18:07] [main/TRACE] [REI] [REIServerPlugin END] Reloading Section: "reloadable-plugin/SlotAccessorRegistryImpl/DefaultPlugin of DefaultPlugin [roughlyenoughitems]/"
[02:18:07] [main/TRACE] [REI] [REIServerPlugin END] Reloading Section: "reloadable-plugin/SlotAccessorRegistryImpl/DefaultPlugin of DefaultPlugin [roughlyenoughitems]/" done in 45.62 μs
[02:18:07] [main/TRACE] [REI] [REIServerPlugin END] Reloading Section: "reloadable-plugin/SlotAccessorRegistryImpl/FabricFluidAPISupportPlugin/"
[02:18:07] [main/TRACE] [REI] [REIServerPlugin END] Reloading Section: "reloadable-plugin/SlotAccessorRegistryImpl/FabricFluidAPISupportPlugin/" done in 35.25 μs
[02:18:07] [main/TRACE] [REI] [REIServerPlugin END] Reloading Section: "reloadable-plugin/SlotAccessorRegistryImpl/DefaultRuntimePlugin of DefaultRuntimePlugin [roughlyenoughitems]/"
[02:18:07] [main/DEBUG] [REI] Added slot accessor serializer: me.shedaniel.rei.plugin.common.runtime.DefaultRuntimePlugin$1@19da7e12 [roughlyenoughitems:vanilla]
[02:18:07] [main/DEBUG] [REI] Added slot accessor serializer: me.shedaniel.rei.plugin.common.runtime.DefaultRuntimePlugin$2@3b05288d [roughlyenoughitems:player]
[02:18:07] [main/TRACE] [REI] [REIServerPlugin END] Reloading Section: "reloadable-plugin/SlotAccessorRegistryImpl/DefaultRuntimePlugin of DefaultRuntimePlugin [roughlyenoughitems]/" done in 1.737 ms
[02:18:07] [main/TRACE] [REI] [REIServerPlugin END] Reloading Section: "reloadable-plugin/SlotAccessorRegistryImpl/" done in 2.068 ms
[02:18:07] [main/DEBUG] [REI] ========================================
[02:18:07] [main/DEBUG] [REI] REIServerPlugin ending main-reload for END.
[02:18:07] [main/DEBUG] [REI] ========================================
[02:18:07] [main/TRACE] [REI] [REIServerPlugin END] Reloading Section: "end-reload/"
[02:18:07] [main/TRACE] [REI] [REIServerPlugin END] Reloading Section: "end-reload/MenuInfoRegistryImpl/"
[02:18:07] [main/DEBUG] [REI] Registered 0 menu infos
[02:18:07] [main/TRACE] [REI] [REIServerPlugin END] Reloading Section: "end-reload/MenuInfoRegistryImpl/" done in 91.85 μs
[02:18:07] [main/TRACE] [REI] [REIServerPlugin END] Reloading Section: "end-reload/SlotAccessorRegistryImpl/"
[02:18:07] [main/DEBUG] [REI] Registered 2 slot accessor serializers
[02:18:07] [main/TRACE] [REI] [REIServerPlugin END] Reloading Section: "end-reload/SlotAccessorRegistryImpl/" done in 106.2 μs
[02:18:07] [main/TRACE] [REI] [REIServerPlugin END] Reloading Section: "end-reload/" done in 363.1 μs
[02:18:07] [main/DEBUG] [REI] ========================================
[02:18:07] [main/DEBUG] [REI] REIServerPlugin ended main-reload for END in 4.781 ms.
[02:18:07] [main/DEBUG] [REI] ========================================
[02:18:07] [main/DEBUG] [REI] ========================================
[02:18:07] [main/DEBUG] [REI] REIPlugin starting post-reload for END.
[02:18:07] [main/DEBUG] [REI] Reloadables (7):
[02:18:07] [main/DEBUG] [REI]  - EntryTypeRegistryImpl
[02:18:07] [main/DEBUG] [REI]  - EntrySettingsAdapterRegistryImpl
[02:18:07] [main/DEBUG] [REI]  - RecipeManagerContextImpl
[02:18:07] [main/DEBUG] [REI]  - ItemComparatorRegistryImpl
[02:18:07] [main/DEBUG] [REI]  - FluidComparatorRegistryImpl
[02:18:07] [main/DEBUG] [REI]  - DisplaySerializerRegistryImpl
[02:18:07] [main/DEBUG] [REI]  - FluidSupportProviderImpl
[02:18:07] [main/DEBUG] [REI] Plugins (3):
[02:18:07] [main/DEBUG] [REI]  - (-100.00) DefaultPlugin of DefaultPlugin [roughlyenoughitems]
[02:18:07] [main/DEBUG] [REI]  - (0.00) FabricFluidAPISupportPlugin
[02:18:07] [main/DEBUG] [REI]  - (0.00) DefaultRuntimePlugin of DefaultRuntimePlugin [roughlyenoughitems]
[02:18:07] [main/DEBUG] [REI] ========================================
[02:18:07] [main/TRACE] [REI] [REIPlugin END] Reloading Section: "post-register/"
[02:18:07] [main/TRACE] [REI] [REIPlugin END] Reloading Section: "post-register/DefaultPlugin of DefaultPlugin [roughlyenoughitems]/"
[02:18:07] [main/TRACE] [REI] [REIPlugin END] Reloading Section: "post-register/DefaultPlugin of DefaultPlugin [roughlyenoughitems]/" done in 33.14 μs
[02:18:07] [main/TRACE] [REI] [REIPlugin END] Reloading Section: "post-register/FabricFluidAPISupportPlugin/"
[02:18:07] [main/TRACE] [REI] [REIPlugin END] Reloading Section: "post-register/FabricFluidAPISupportPlugin/" done in 29.41 μs
[02:18:07] [main/TRACE] [REI] [REIPlugin END] Reloading Section: "post-register/DefaultRuntimePlugin of DefaultRuntimePlugin [roughlyenoughitems]/"
[02:18:07] [main/TRACE] [REI] [REIPlugin END] Reloading Section: "post-register/DefaultRuntimePlugin of DefaultRuntimePlugin [roughlyenoughitems]/" done in 34.35 μs
[02:18:07] [main/TRACE] [REI] [REIPlugin END] Reloading Section: "post-register/" done in 319.9 μs
[02:18:07] [main/TRACE] [REI] [REIPlugin END] Reloading Section: "post-stage/"
[02:18:07] [main/TRACE] [REI] [REIPlugin END] Reloading Section: "post-stage/EntryTypeRegistryImpl/"
[02:18:07] [main/TRACE] [REI] [REIPlugin END] Reloading Section: "post-stage/EntryTypeRegistryImpl/" done in 26.26 μs
[02:18:07] [main/TRACE] [REI] [REIPlugin END] Reloading Section: "post-stage/EntrySettingsAdapterRegistryImpl/"
[02:18:07] [main/TRACE] [REI] [REIPlugin END] Reloading Section: "post-stage/EntrySettingsAdapterRegistryImpl/" done in 28.29 μs
[02:18:07] [main/TRACE] [REI] [REIPlugin END] Reloading Section: "post-stage/RecipeManagerContextImpl/"
[02:18:07] [main/TRACE] [REI] [REIPlugin END] Reloading Section: "post-stage/RecipeManagerContextImpl/" done in 25.51 μs
[02:18:07] [main/TRACE] [REI] [REIPlugin END] Reloading Section: "post-stage/ItemComparatorRegistryImpl/"
[02:18:07] [main/TRACE] [REI] [REIPlugin END] Reloading Section: "post-stage/ItemComparatorRegistryImpl/" done in 28.41 μs
[02:18:07] [main/TRACE] [REI] [REIPlugin END] Reloading Section: "post-stage/FluidComparatorRegistryImpl/"
[02:18:07] [main/TRACE] [REI] [REIPlugin END] Reloading Section: "post-stage/FluidComparatorRegistryImpl/" done in 27.69 μs
[02:18:07] [main/TRACE] [REI] [REIPlugin END] Reloading Section: "post-stage/DisplaySerializerRegistryImpl/"
[02:18:07] [main/TRACE] [REI] [REIPlugin END] Reloading Section: "post-stage/DisplaySerializerRegistryImpl/" done in 25.66 μs
[02:18:07] [main/TRACE] [REI] [REIPlugin END] Reloading Section: "post-stage/FluidSupportProviderImpl/"
[02:18:07] [main/TRACE] [REI] [REIPlugin END] Reloading Section: "post-stage/FluidSupportProviderImpl/" done in 43.22 μs
[02:18:07] [main/TRACE] [REI] [REIPlugin END] Reloading Section: "post-stage/" done in 579.2 μs
[02:18:07] [main/DEBUG] [REI] ========================================
[02:18:07] [main/INFO] [REI] REIPlugin finished post-reload for END in 999.4 μs, totaling 27.52 ms.
[02:18:07] [main/DEBUG] [REI] ========================================
[02:18:07] [main/DEBUG] [REI] ========================================
[02:18:07] [main/DEBUG] [REI] REIServerPlugin starting post-reload for END.
[02:18:07] [main/DEBUG] [REI] Reloadables (2):
[02:18:07] [main/DEBUG] [REI]  - MenuInfoRegistryImpl
[02:18:07] [main/DEBUG] [REI]  - SlotAccessorRegistryImpl
[02:18:07] [main/DEBUG] [REI] Plugins (3):
[02:18:07] [main/DEBUG] [REI]  - (-100.00) DefaultPlugin of DefaultPlugin [roughlyenoughitems]
[02:18:07] [main/DEBUG] [REI]  - (0.00) FabricFluidAPISupportPlugin
[02:18:07] [main/DEBUG] [REI]  - (0.00) DefaultRuntimePlugin of DefaultRuntimePlugin [roughlyenoughitems]
[02:18:07] [main/DEBUG] [REI] ========================================
[02:18:07] [main/TRACE] [REI] [REIServerPlugin END] Reloading Section: "post-register/"
[02:18:07] [main/TRACE] [REI] [REIServerPlugin END] Reloading Section: "post-register/DefaultPlugin of DefaultPlugin [roughlyenoughitems]/"
[02:18:07] [main/TRACE] [REI] [REIServerPlugin END] Reloading Section: "post-register/DefaultPlugin of DefaultPlugin [roughlyenoughitems]/" done in 32.01 μs
[02:18:07] [main/TRACE] [REI] [REIServerPlugin END] Reloading Section: "post-register/FabricFluidAPISupportPlugin/"
[02:18:07] [main/TRACE] [REI] [REIServerPlugin END] Reloading Section: "post-register/FabricFluidAPISupportPlugin/" done in 37.43 μs
[02:18:07] [main/TRACE] [REI] [REIServerPlugin END] Reloading Section: "post-register/DefaultRuntimePlugin of DefaultRuntimePlugin [roughlyenoughitems]/"
[02:18:07] [main/TRACE] [REI] [REIServerPlugin END] Reloading Section: "post-register/DefaultRuntimePlugin of DefaultRuntimePlugin [roughlyenoughitems]/" done in 32.39 μs
[02:18:07] [main/TRACE] [REI] [REIServerPlugin END] Reloading Section: "post-register/" done in 331.4 μs
[02:18:07] [main/TRACE] [REI] [REIServerPlugin END] Reloading Section: "post-stage/"
[02:18:07] [main/TRACE] [REI] [REIServerPlugin END] Reloading Section: "post-stage/MenuInfoRegistryImpl/"
[02:18:07] [main/TRACE] [REI] [REIServerPlugin END] Reloading Section: "post-stage/MenuInfoRegistryImpl/" done in 27.85 μs
[02:18:07] [main/TRACE] [REI] [REIServerPlugin END] Reloading Section: "post-stage/SlotAccessorRegistryImpl/"
[02:18:07] [main/TRACE] [REI] [REIServerPlugin END] Reloading Section: "post-stage/SlotAccessorRegistryImpl/" done in 26.05 μs
[02:18:07] [main/TRACE] [REI] [REIServerPlugin END] Reloading Section: "post-stage/" done in 200.9 μs
[02:18:07] [main/DEBUG] [REI] ========================================
[02:18:07] [main/INFO] [REI] REIServerPlugin finished post-reload for END in 655.7 μs, totaling 6.194 ms.
[02:18:07] [main/DEBUG] [REI] ========================================
